This is pdfTeX, Version 3.141592653-2.6-1.40.29 (MiKTeX 26.2) (preloaded format=pdflatex 2026.4.7)  4 SEP 2026 11:39
entering extended mode
 restricted \write18 enabled.
 file:line:error style messages enabled.
 %&-line parsing enabled.
**c:/Users/pauline.guesdon/Documents/GitHub/Inchallah-lui-il-marche/Manuscrit_these/these_main.tex
(c:/Users/pauline.guesdon/Documents/GitHub/Inchallah-lui-il-marche/Manuscrit_these/these_main.tex
LaTeX2e <2025-11-01>
L3 programming layer <2026-01-19>
(C:\Users\pauline.guesdon\AppData\Local\Programs\MiKTeX\tex/latex/base\report.cls
Document Class: report 2025/01/22 v1.4n Standard LaTeX document class
(C:\Users\pauline.guesdon\AppData\Local\Programs\MiKTeX\tex/latex/base\size12.clo
File: size12.clo 2025/01/22 v1.4n Standard LaTeX file (size option)
)
\c@part=\count275
\c@chapter=\count276
\c@section=\count277
\c@subsection=\count278
\c@subsubsection=\count279
\c@paragraph=\count280
\c@subparagraph=\count281
\c@figure=\count282
\c@table=\count283
\abovecaptionskip=\skip49
\belowcaptionskip=\skip50
\bibindent=\dimen148
) (C:\Users\pauline.guesdon\AppData\Local\Programs\MiKTeX\tex/generic/soul\soul.sty
Package: soul 2026-03-06 v3.2 Permit use of UTF-8 characters in soul (HO)
 (C:\Users\pauline.guesdon\AppData\Local\Programs\MiKTeX\tex/generic/soul\soul-ori.sty
Package: soul-ori 2026-03-06 v3.2 letterspacing/underlining (mf)
\SOUL@word=\toks17
\SOUL@lasttoken=\toks18
\SOUL@syllable=\toks19
\SOUL@cmds=\toks20
\SOUL@buffer=\toks21
\SOUL@token=\toks22
\SOUL@syllgoal=\dimen149
\SOUL@syllwidth=\dimen150
\SOUL@charkern=\dimen151
\SOUL@hyphkern=\dimen152
\SOUL@dimen=\dimen153
\SOUL@dimeni=\dimen154
\SOUL@minus=\count284
\SOUL@comma=\count285
\SOUL@apo=\count286
\SOUL@grave=\count287
\SOUL@spaceskip=\skip51
\SOUL@ttwidth=\dimen155
\SOUL@uldp=\dimen156
\SOUL@ulht=\dimen157
) (C:\Users\pauline.guesdon\AppData\Local\Programs\MiKTeX\tex/generic/infwarerr\infwarerr.sty
Package: infwarerr 2019/12/03 v1.5 Providing info/warning/error messages (HO)
) (C:\Users\pauline.guesdon\AppData\Local\Programs\MiKTeX\tex/generic/etexcmds\etexcmds.sty
Package: etexcmds 2019/12/15 v1.7 Avoid name clashes with e-TeX commands (HO)
 (C:\Users\pauline.guesdon\AppData\Local\Programs\MiKTeX\tex/generic/iftex\iftex.sty
Package: iftex 2024/12/12 v1.0g TeX engine tests
))) (C:\Users\pauline.guesdon\AppData\Local\Programs\MiKTeX\tex/latex/graphics\graphicx.sty
Package: graphicx 2024/12/31 v1.2e Enhanced LaTeX Graphics (DPC,SPQR)
 (C:\Users\pauline.guesdon\AppData\Local\Programs\MiKTeX\tex/latex/graphics\keyval.sty
Package: keyval 2022/05/29 v1.15 key=value parser (DPC)
\KV@toks@=\toks23
) (C:\Users\pauline.guesdon\AppData\Local\Programs\MiKTeX\tex/latex/graphics\graphics.sty
Package: graphics 2024/08/06 v1.4g Standard LaTeX Graphics (DPC,SPQR)
 (C:\Users\pauline.guesdon\AppData\Local\Programs\MiKTeX\tex/latex/graphics\trig.sty
Package: trig 2023/12/02 v1.11 sin cos tan (DPC)
) (C:\Users\pauline.guesdon\AppData\Local\Programs\MiKTeX\tex/latex/graphics-cfg\graphics.cfg
File: graphics.cfg 2016/06/04 v1.11 sample graphics configuration
)
Package graphics Info: Driver file: pdftex.def on input line 106.
 (C:\Users\pauline.guesdon\AppData\Local\Programs\MiKTeX\tex/latex/graphics-def\pdftex.def
File: pdftex.def 2025/09/29 v1.2d Graphics/color driver for pdftex
))
\Gin@req@height=\dimen158
\Gin@req@width=\dimen159
) (C:\Users\pauline.guesdon\AppData\Local\Programs\MiKTeX\tex/latex/caption\caption.sty
Package: caption 2023/08/05 v3.6o Customizing captions (AR)
 (C:\Users\pauline.guesdon\AppData\Local\Programs\MiKTeX\tex/latex/caption\caption3.sty
Package: caption3 2023/07/31 v2.4d caption3 kernel (AR)
\caption@tempdima=\dimen160
\captionmargin=\dimen161
\caption@leftmargin=\dimen162
\caption@rightmargin=\dimen163
\caption@width=\dimen164
\caption@indent=\dimen165
\caption@parindent=\dimen166
\caption@hangindent=\dimen167
Package caption Info: Standard document class detected.
)
\c@caption@flags=\count288
\c@continuedfloat=\count289
) (C:\Users\pauline.guesdon\AppData\Local\Programs\MiKTeX\tex/latex/caption\subcaption.sty
Package: subcaption 2023/07/28 v1.6b Sub-captions (AR)
Package caption Info: New subtype `subfigure' on input line 238.
\c@subfigure=\count290
Package caption Info: New subtype `subtable' on input line 238.
\c@subtable=\count291
) (C:\Users\pauline.guesdon\AppData\Local\Programs\MiKTeX\tex/latex/geometry\geometry.sty
Package: geometry 2026/03/07 v6.0 Page Geometry
 (C:\Users\pauline.guesdon\AppData\Local\Programs\MiKTeX\tex/generic/iftex\ifvtex.sty
Package: ifvtex 2019/10/25 v1.7 ifvtex legacy package. Use iftex instead.
)
\Gm@cnth=\count292
\Gm@cntv=\count293
\c@Gm@tempcnt=\count294
\Gm@bindingoffset=\dimen168
\Gm@wd@mp=\dimen169
\Gm@odd@mp=\dimen170
\Gm@even@mp=\dimen171
\Gm@layoutwidth=\dimen172
\Gm@layoutheight=\dimen173
\Gm@layouthoffset=\dimen174
\Gm@layoutvoffset=\dimen175
\Gm@dimlist=\toks24
 (C:\Users\pauline.guesdon\AppData\Local\Programs\MiKTeX\tex/latex/geometry\geometry.cfg)) (C:\Users\pauline.guesdon\AppData\Local\Programs\MiKTeX\tex/latex/fancyhdr\fancyhdr.sty
Package: fancyhdr 2025/02/07 v5.2 Extensive control of page headers and footers
\f@nch@headwidth=\skip52
\f@nch@offset@elh=\skip53
\f@nch@offset@erh=\skip54
\f@nch@offset@olh=\skip55
\f@nch@offset@orh=\skip56
\f@nch@offset@elf=\skip57
\f@nch@offset@erf=\skip58
\f@nch@offset@olf=\skip59
\f@nch@offset@orf=\skip60
\f@nch@height=\skip61
\f@nch@footalignment=\skip62
\f@nch@widthL=\skip63
\f@nch@widthC=\skip64
\f@nch@widthR=\skip65
\@temptokenb=\toks25
) (C:\Users\pauline.guesdon\AppData\Local\Programs\MiKTeX\tex/latex/parskip\parskip.sty
Package: parskip 2021-03-14 v2.0h non-zero parskip adjustments
 (C:\Users\pauline.guesdon\AppData\Local\Programs\MiKTeX\tex/latex/kvoptions\kvoptions.sty
Package: kvoptions 2022-06-15 v3.15 Key value format for package options (HO)
 (C:\Users\pauline.guesdon\AppData\Local\Programs\MiKTeX\tex/generic/ltxcmds\ltxcmds.sty
Package: ltxcmds 2023-12-04 v1.26 LaTeX kernel commands for general use (HO)
) (C:\Users\pauline.guesdon\AppData\Local\Programs\MiKTeX\tex/latex/kvsetkeys\kvsetkeys.sty
Package: kvsetkeys 2022-10-05 v1.19 Key value parser (HO)
)) (C:\Users\pauline.guesdon\AppData\Local\Programs\MiKTeX\tex/latex/etoolbox\etoolbox.sty
Package: etoolbox 2025/10/02 v2.5m e-TeX tools for LaTeX (JAW)
\etb@tempcnta=\count295
)) (C:\Users\pauline.guesdon\AppData\Local\Programs\MiKTeX\tex/latex/natbib\natbib.sty
Package: natbib 2010/09/13 8.31b (PWD, AO)
\bibhang=\skip66
\bibsep=\skip67
LaTeX Info: Redefining \cite on input line 694.
\c@NAT@ctr=\count296
) (C:\Users\pauline.guesdon\AppData\Local\Programs\MiKTeX\tex/latex/hyperref\hyperref.sty
Package: hyperref 2026-01-29 v7.01p Hypertext links for LaTeX
 (C:\Users\pauline.guesdon\AppData\Local\Programs\MiKTeX\tex/generic/kvdefinekeys\kvdefinekeys.sty
Package: kvdefinekeys 2019-12-19 v1.6 Define keys (HO)
) (C:\Users\pauline.guesdon\AppData\Local\Programs\MiKTeX\tex/generic/pdfescape\pdfescape.sty
Package: pdfescape 2019/12/09 v1.15 Implements pdfTeX's escape features (HO)
 (C:\Users\pauline.guesdon\AppData\Local\Programs\MiKTeX\tex/generic/pdftexcmds\pdftexcmds.sty
Package: pdftexcmds 2020-06-27 v0.33 Utility functions of pdfTeX for LuaTeX (HO)
Package pdftexcmds Info: \pdf@primitive is available.
Package pdftexcmds Info: \pdf@ifprimitive is available.
Package pdftexcmds Info: \pdfdraftmode found.
)) (C:\Users\pauline.guesdon\AppData\Local\Programs\MiKTeX\tex/latex/hycolor\hycolor.sty
Package: hycolor 2020-01-27 v1.10 Color options for hyperref/bookmark (HO)
) (C:\Users\pauline.guesdon\AppData\Local\Programs\MiKTeX\tex/latex/hyperref\nameref.sty
Package: nameref 2026-01-29 v2.58 Cross-referencing by name of section
 (C:\Users\pauline.guesdon\AppData\Local\Programs\MiKTeX\tex/latex/refcount\refcount.sty
Package: refcount 2019/12/15 v3.6 Data extraction from label references (HO)
) (C:\Users\pauline.guesdon\AppData\Local\Programs\MiKTeX\tex/generic/gettitlestring\gettitlestring.sty
Package: gettitlestring 2019/12/15 v1.6 Cleanup title references (HO)
)
\c@section@level=\count297
) (C:\Users\pauline.guesdon\AppData\Local\Programs\MiKTeX\tex/generic/stringenc\stringenc.sty
Package: stringenc 2019/11/29 v1.12 Convert strings between diff. encodings (HO)
)
\@linkdim=\dimen176
\Hy@linkcounter=\count298
\Hy@pagecounter=\count299
 (C:\Users\pauline.guesdon\AppData\Local\Programs\MiKTeX\tex/latex/hyperref\pd1enc.def
File: pd1enc.def 2026-01-29 v7.01p Hyperref: PDFDocEncoding definition (HO)
Now handling font encoding PD1 ...
... no UTF-8 mapping file for font encoding PD1
) (C:\Users\pauline.guesdon\AppData\Local\Programs\MiKTeX\tex/generic/intcalc\intcalc.sty
Package: intcalc 2019/12/15 v1.3 Expandable calculations with integers (HO)
)
\Hy@SavedSpaceFactor=\count300
 (C:\Users\pauline.guesdon\AppData\Local\Programs\MiKTeX\tex/latex/hyperref\puenc.def
File: puenc.def 2026-01-29 v7.01p Hyperref: PDF Unicode definition (HO)
Now handling font encoding PU ...
... no UTF-8 mapping file for font encoding PU
)
Package hyperref Info: Option `pdfpagelabels' set `true' on input line 4072.
Package hyperref Info: Option `hypertexnames' set `false' on input line 4072.
Package hyperref Info: Hyper figures OFF on input line 4201.
Package hyperref Info: Link nesting OFF on input line 4206.
Package hyperref Info: Hyper index ON on input line 4209.
Package hyperref Info: Plain pages OFF on input line 4216.
Package hyperref Info: Backreferencing OFF on input line 4221.
Package hyperref Info: Implicit mode ON; LaTeX internals redefined.
Package hyperref Info: Bookmarks ON on input line 4468.
\c@Hy@tempcnt=\count301
 (C:\Users\pauline.guesdon\AppData\Local\Programs\MiKTeX\tex/latex/url\url.sty
\Urlmuskip=\muskip17
Package: url 2013/09/16  ver 3.4  Verb mode for urls, etc.
)
LaTeX Info: Redefining \url on input line 4807.
\XeTeXLinkMargin=\dimen177
 (C:\Users\pauline.guesdon\AppData\Local\Programs\MiKTeX\tex/generic/bitset\bitset.sty
Package: bitset 2019/12/09 v1.3 Handle bit-vector datatype (HO)
 (C:\Users\pauline.guesdon\AppData\Local\Programs\MiKTeX\tex/generic/bigintcalc\bigintcalc.sty
Package: bigintcalc 2019/12/15 v1.5 Expandable calculations on big integers (HO)
))
\Fld@menulength=\count302
\Field@Width=\dimen178
\Fld@charsize=\dimen179
Package hyperref Info: Hyper figures OFF on input line 6084.
Package hyperref Info: Link nesting OFF on input line 6089.
Package hyperref Info: Hyper index ON on input line 6092.
Package hyperref Info: backreferencing OFF on input line 6099.
Package hyperref Info: Link coloring OFF on input line 6104.
Package hyperref Info: Link coloring with OCG OFF on input line 6109.
Package hyperref Info: PDF/A mode OFF on input line 6114.
\Hy@abspage=\count303
\c@Item=\count304
\c@Hfootnote=\count305
)
Package hyperref Info: Driver (autodetected): hpdftex.
 (C:\Users\pauline.guesdon\AppData\Local\Programs\MiKTeX\tex/latex/hyperref\hpdftex.def
File: hpdftex.def 2026-01-29 v7.01p Hyperref driver for pdfTeX
\Fld@listcount=\count306
\c@bookmark@seq@number=\count307
 (C:\Users\pauline.guesdon\AppData\Local\Programs\MiKTeX\tex/latex/rerunfilecheck\rerunfilecheck.sty
Package: rerunfilecheck 2025-06-21 v1.11 Rerun checks for auxiliary files (HO)
 (C:\Users\pauline.guesdon\AppData\Local\Programs\MiKTeX\tex/generic/uniquecounter\uniquecounter.sty
Package: uniquecounter 2019/12/15 v1.4 Provide unlimited unique counter (HO)
)
Package uniquecounter Info: New unique counter `rerunfilecheck' on input line 284.
)
\Hy@SectionHShift=\skip68
) (C:\Users\pauline.guesdon\AppData\Local\Programs\MiKTeX\tex/latex/amsmath\amsmath.sty
Package: amsmath 2025/07/09 v2.17z AMS math features
\@mathmargin=\skip69

For additional information on amsmath, use the `?' option.
(C:\Users\pauline.guesdon\AppData\Local\Programs\MiKTeX\tex/latex/amsmath\amstext.sty
Package: amstext 2024/11/17 v2.01 AMS text
 (C:\Users\pauline.guesdon\AppData\Local\Programs\MiKTeX\tex/latex/amsmath\amsgen.sty
File: amsgen.sty 1999/11/30 v2.0 generic functions
\@emptytoks=\toks26
\ex@=\dimen180
)) (C:\Users\pauline.guesdon\AppData\Local\Programs\MiKTeX\tex/latex/amsmath\amsbsy.sty
Package: amsbsy 1999/11/29 v1.2d Bold Symbols
\pmbraise@=\dimen181
) (C:\Users\pauline.guesdon\AppData\Local\Programs\MiKTeX\tex/latex/amsmath\amsopn.sty
Package: amsopn 2022/04/08 v2.04 operator names
)
\inf@bad=\count308
LaTeX Info: Redefining \frac on input line 233.
\uproot@=\count309
\leftroot@=\count310
LaTeX Info: Redefining \overline on input line 398.
LaTeX Info: Redefining \colon on input line 409.
\classnum@=\count311
\DOTSCASE@=\count312
LaTeX Info: Redefining \ldots on input line 495.
LaTeX Info: Redefining \dots on input line 498.
LaTeX Info: Redefining \cdots on input line 619.
\Mathstrutbox@=\box53
\strutbox@=\box54
LaTeX Info: Redefining \big on input line 721.
LaTeX Info: Redefining \Big on input line 722.
LaTeX Info: Redefining \bigg on input line 723.
LaTeX Info: Redefining \Bigg on input line 724.
\big@size=\dimen182
LaTeX Font Info:    Redeclaring font encoding OML on input line 742.
LaTeX Font Info:    Redeclaring font encoding OMS on input line 743.
\macc@depth=\count313
LaTeX Info: Redefining \bmod on input line 904.
LaTeX Info: Redefining \pmod on input line 909.
LaTeX Info: Redefining \smash on input line 939.
LaTeX Info: Redefining \relbar on input line 969.
LaTeX Info: Redefining \Relbar on input line 970.
\c@MaxMatrixCols=\count314
\dotsspace@=\muskip18
\c@parentequation=\count315
\dspbrk@lvl=\count316
\tag@help=\toks27
\row@=\count317
\column@=\count318
\maxfields@=\count319
\andhelp@=\toks28
\eqnshift@=\dimen183
\alignsep@=\dimen184
\tagshift@=\dimen185
\tagwidth@=\dimen186
\totwidth@=\dimen187
\lineht@=\dimen188
\@envbody=\toks29
\multlinegap=\skip70
\multlinetaggap=\skip71
\mathdisplay@stack=\toks30
LaTeX Info: Redefining \[ on input line 2950.
LaTeX Info: Redefining \] on input line 2951.
) (C:\Users\pauline.guesdon\AppData\Local\Programs\MiKTeX\tex/latex/amsfonts\amssymb.sty
Package: amssymb 2013/01/14 v3.01 AMS font symbols
 (C:\Users\pauline.guesdon\AppData\Local\Programs\MiKTeX\tex/latex/amsfonts\amsfonts.sty
Package: amsfonts 2013/01/14 v3.01 Basic AMSFonts support
\symAMSa=\mathgroup4
\symAMSb=\mathgroup5
LaTeX Font Info:    Redeclaring math symbol \hbar on input line 98.
LaTeX Font Info:    Overwriting math alphabet `\mathfrak' in version `bold'
(Font)                  U/euf/m/n --> U/euf/b/n on input line 106.
)) (C:\Users\pauline.guesdon\AppData\Local\Programs\MiKTeX\tex/latex/glossaries/base\glossaries.sty
Package: glossaries 2026/03/06 v5.0 (NLCT)
 (C:\Users\pauline.guesdon\AppData\Local\Programs\MiKTeX\tex/latex/base\ifthen.sty
Package: ifthen 2024/03/16 v1.1e Standard LaTeX ifthen package (DPC)
) (C:\Users\pauline.guesdon\AppData\Local\Programs\MiKTeX\tex/latex/xkeyval\xkeyval.sty
Package: xkeyval 2022/06/16 v2.9 package option processing (HA)
 (C:\Users\pauline.guesdon\AppData\Local\Programs\MiKTeX\tex/generic/xkeyval\xkeyval.tex (C:\Users\pauline.guesdon\AppData\Local\Programs\MiKTeX\tex/generic/xkeyval\xkvutils.tex
\XKV@toks=\toks31
\XKV@tempa@toks=\toks32
)
\XKV@depth=\count320
File: xkeyval.tex 2014/12/03 v2.7a key=value parser (HA)
)) (C:\Users\pauline.guesdon\AppData\Local\Programs\MiKTeX\tex/latex/mfirstuc\mfirstuc.sty
Package: mfirstuc 2025/04/03 v2.09 (NLCT)
\@glsmfirst=\toks33
\@glsmrest=\toks34
) (C:\Users\pauline.guesdon\AppData\Local\Programs\MiKTeX\tex/latex/xfor\xfor.sty
Package: xfor 2009/02/05 v1.05 (NLCT)
) (C:\Users\pauline.guesdon\AppData\Local\Programs\MiKTeX\tex/latex/datatool\datatool-base.sty
Package: datatool-base 2025/12/04 v3.4.3 (NLCT)
 (C:\Users\pauline.guesdon\AppData\Local\Programs\MiKTeX\tex/latex/tracklang\tracklang.sty
Package: tracklang 2025/03/11 v1.6.6 (NLCT) Track Languages
 (C:\Users\pauline.guesdon\AppData\Local\Programs\MiKTeX\tex/generic/tracklang\tracklang.tex))
\l__datatool_tmpa_int=\count321
\l__datatool_tmpb_int=\count322
\l__datatool_tmpc_int=\count323
\l__datatool_tmpd_int=\count324
\l__datatool_count_int=\count325
\l__datatool_tmp_datatype_int=\count326
\l__datatool_tmpa_dim=\dimen189
\l__datatool_tmpb_dim=\dimen190
 (C:\Users\pauline.guesdon\AppData\Local\Programs\MiKTeX\tex/latex/datatool\datatool-l3fp.def
File: datatool-l3fp.def 2025/12/04 v3.4.3 (NLCT)
)
\@dtl@toks=\toks35
\@dtl@tmpcount=\count327
\dtl@tmplength=\skip72
\l__datatool_measure_box=\box55
\dtl@sortresult=\count328
 (C:\Users\pauline.guesdon\AppData\Local\Programs\MiKTeX\tex/latex/datatool\datatool-utf8.ldf
File: datatool-utf8.ldf 2025/12/04 v3.4.3 (NLCT)
)
\@dtl@datatype=\count329
\c_datatool_unknown_int=\count330
\l__datatool_year_int=\count331
\l__datatool_month_int=\count332
\l__datatool_day_int=\count333
\l__datatool_hour_int=\count334
\l__datatool_minute_int=\count335
\l__datatool_second_int=\count336
\l__datatool_tzhour_int=\count337
\l__datatool_tzminute_int=\count338
\l__datatool_julian_int=\count339
\l__datatool_local_julian_int=\count340
\l__datatool_prefix_int=\count341
\l__datatool_suffix_int=\count342
\@dtl@foreach@level=\count343
\dtl@codeA=\count344
\dtl@codeB=\count345
)
\gls@level=\count346
\@gls@tmpb=\toks36
\gls@tmplen=\skip73
\l__glossaries_tmpa_dim=\dimen191
\l__glossaries_tmpb_dim=\dimen192
\glskeylisttok=\toks37
\glslabeltok=\toks38
\glsshorttok=\toks39
\glslongtok=\toks40
 (C:\Users\pauline.guesdon\AppData\Local\Programs\MiKTeX\tex/latex/glossaries/styles\glossary-hypernav.sty
Package: glossary-hypernav 2026/03/06 v5.0 (NLCT)
) (C:\Users\pauline.guesdon\AppData\Local\Programs\MiKTeX\tex/latex/glossaries/styles\glossary-list.sty
Package: glossary-list 2026/03/06 v5.0 (NLCT)
\glslistdottedwidth=\skip74
) (C:\Users\pauline.guesdon\AppData\Local\Programs\MiKTeX\tex/latex/glossaries/styles\glossary-long.sty
Package: glossary-long 2026/03/06 v5.0 (NLCT)
 (C:\Users\pauline.guesdon\AppData\Local\Programs\MiKTeX\tex/latex/tools\longtable.sty
Package: longtable 2025-10-13 v4.24 Multi-page Table package (DPC)
\LTleft=\skip75
\LTright=\skip76
\LTpre=\skip77
\LTpost=\skip78
\LTchunksize=\count347
\LTcapwidth=\dimen193
\LT@head=\box56
\LT@firsthead=\box57
\LT@foot=\box58
\LT@lastfoot=\box59
\LT@gbox=\box60
\LT@cols=\count348
\LT@rows=\count349
\c@LT@tables=\count350
\c@LT@chunks=\count351
\LT@p@ftn=\toks41
)
\glsdescwidth=\skip79
\glspagelistwidth=\skip80
) (C:\Users\pauline.guesdon\AppData\Local\Programs\MiKTeX\tex/latex/glossaries/styles\glossary-super.sty
Package: glossary-super 2026/03/06 v5.0 (NLCT)
 (C:\Users\pauline.guesdon\AppData\Local\Programs\MiKTeX\tex/latex/supertabular\supertabular.sty
Package: supertabular 2025/06/26 v4.2d the supertabular environment
\c@tracingst=\count352
\ST@wd=\dimen194
\ST@rightskip=\skip81
\ST@leftskip=\skip82
\ST@parfillskip=\skip83
\ST@pageleft=\dimen195
\ST@headht=\dimen196
\ST@tailht=\dimen197
\ST@pagesofar=\dimen198
\ST@pboxht=\dimen199
\ST@rowht=\dimen256
\ST@prevht=\dimen257
\ST@toadd=\dimen258
\ST@dimen=\dimen259
\ST@pbox=\box61
)) (C:\Users\pauline.guesdon\AppData\Local\Programs\MiKTeX\tex/latex/glossaries/styles\glossary-tree.sty
Package: glossary-tree 2026/03/06 v5.0 (NLCT)
\l__glossaries_tree_max_known_level_int=\count353
\l__glossaries_tree_offset_dim=\dimen260
\l__glossaries_tree_namewidth_dim=\dimen261
\l__glossaries_tree_symbolwidth_dim=\dimen262
\l__glossaries_tree_prenamesym_width_dim=\dimen263
\l__glossaries_tree_presubnamesym_width_dim=\dimen264
\l__glossaries_tree_namewidth_padding_dim=\dimen265
\l__glossaries_tree_symbolwidth_padding_dim=\dimen266
\l__glossaries_tree_namesymbolwidth_dim=\dimen267
\l__glossaries_tree_namesymbolwidth_padding_dim=\dimen268
\l__glossaries_tree_level_int=\count354
\glstreeindent=\skip84
)) (C:\Users\pauline.guesdon\AppData\Local\Programs\MiKTeX\tex/latex/lipsum\lipsum.sty (C:\Users\pauline.guesdon\AppData\Local\Programs\MiKTeX\tex/latex/l3packages/l3keys2e\l3keys2e.sty (C:\Users\pauline.guesdon\AppData\Local\Programs\MiKTeX\tex/latex/l3kernel\expl3.sty
Package: expl3 2026-01-19 L3 programming layer (loader) 
 (C:\Users\pauline.guesdon\AppData\Local\Programs\MiKTeX\tex/latex/l3backend\l3backend-pdftex.def
File: l3backend-pdftex.def 2025-10-09 L3 backend support: PDF output (pdfTeX)
\l__color_backend_stack_int=\count355
))
Package: l3keys2e 2025-10-09 LaTeX2e option processing using LaTeX3 keys
)
Package: lipsum 2021-09-20 v2.7 150 paragraphs of Lorem Ipsum dummy text
\g__lipsum_par_int=\count356
\l__lipsum_a_int=\count357
\l__lipsum_b_int=\count358
 (C:\Users\pauline.guesdon\AppData\Local\Programs\MiKTeX\tex/latex/lipsum\lipsum.ltd.tex)) (C:\Users\pauline.guesdon\AppData\Local\Programs\MiKTeX\tex/latex/float\float.sty
Package: float 2001/11/08 v1.3d Float enhancements (AL)
\c@float@type=\count359
\float@exts=\toks42
\float@box=\box62
\@float@everytoks=\toks43
\@floatcapt=\box63
) (C:\Users\pauline.guesdon\AppData\Local\Programs\MiKTeX\tex/latex/placeins\placeins.sty
Package: placeins 2005/04/18  v 2.2
) (C:\Users\pauline.guesdon\AppData\Local\Programs\MiKTeX\tex/latex/braket\braket.sty) (C:\Users\pauline.guesdon\AppData\Local\Programs\MiKTeX\tex/latex/siunitx\siunitx.sty
Package: siunitx 2026-04-15 v3.5.4 A comprehensive (SI) units package
\l__siunitx_number_uncert_offset_int=\count360
\l__siunitx_number_exponent_fixed_int=\count361
\l__siunitx_number_min_decimal_int=\count362
\l__siunitx_number_min_integer_int=\count363
\l__siunitx_number_round_precision_int=\count364
\l__siunitx_number_lower_threshold_int=\count365
\l__siunitx_number_upper_threshold_int=\count366
\l__siunitx_number_group_first_int=\count367
\l__siunitx_number_group_size_int=\count368
\l__siunitx_number_group_min_int=\count369
\l__siunitx_number_group_minimum_int=\count370
\l__siunitx_compound_count_int=\count371
 (C:\Users\pauline.guesdon\AppData\Local\Programs\MiKTeX\tex/latex/translations\translations.sty
Package: translations 2022/02/05 v1.12 internationalization of LaTeX2e packages (CN)
)
\l__siunitx_table_tmp_box=\box64
\l__siunitx_table_tmp_dim=\dimen269
\l__siunitx_table_column_width_dim=\dimen270
\l__siunitx_table_integer_box=\box65
\l__siunitx_table_decimal_box=\box66
\l__siunitx_table_uncert_box=\box67
\l__siunitx_table_before_box=\box68
\l__siunitx_table_after_box=\box69
\l__siunitx_table_before_dim=\dimen271
\l__siunitx_table_carry_dim=\dimen272
\l__siunitx_unit_tmp_int=\count372
\l__siunitx_unit_position_int=\count373
\l__siunitx_unit_total_int=\count374
\l__siunitx_sexagesimal_tmp_dim=\dimen273
\l__siunitx_sexagesimal_marker_box=\box70
\l__siunitx_sexagesimal_unit_box=\box71
 (C:\Users\pauline.guesdon\AppData\Local\Programs\MiKTeX\tex/latex/tools\array.sty
Package: array 2025/09/25 v2.6n Tabular extension package (FMi)
\col@sep=\dimen274
\ar@mcellbox=\box72
\extrarowheight=\dimen275
\NC@list=\toks44
\extratabsurround=\skip85
\backup@length=\skip86
\ar@cellbox=\box73
)) (C:\Users\pauline.guesdon\AppData\Local\Programs\MiKTeX\tex/latex/xcolor\xcolor.sty
Package: xcolor 2024/09/29 v3.02 LaTeX color extensions (UK)
 (C:\Users\pauline.guesdon\AppData\Local\Programs\MiKTeX\tex/latex/graphics-cfg\color.cfg
File: color.cfg 2016/01/02 v1.6 sample color configuration
)
Package xcolor Info: Driver file: pdftex.def on input line 274.
 (C:\Users\pauline.guesdon\AppData\Local\Programs\MiKTeX\tex/latex/graphics\mathcolor.ltx)
Package xcolor Info: Model `cmy' substituted by `cmy0' on input line 1349.
Package xcolor Info: Model `hsb' substituted by `rgb' on input line 1353.
Package xcolor Info: Model `RGB' extended on input line 1365.
Package xcolor Info: Model `HTML' substituted by `rgb' on input line 1367.
Package xcolor Info: Model `Hsb' substituted by `hsb' on input line 1368.
Package xcolor Info: Model `tHsb' substituted by `hsb' on input line 1369.
Package xcolor Info: Model `HSB' substituted by `hsb' on input line 1370.
Package xcolor Info: Model `Gray' substituted by `gray' on input line 1371.
Package xcolor Info: Model `wave' substituted by `hsb' on input line 1372.
) (C:\Users\pauline.guesdon\AppData\Local\Programs\MiKTeX\tex/latex/graphics\rotating.sty
Package: rotating 2025/01/14 v2.16e rotated objects in LaTeX
\c@r@tfl@t=\count375
\rotFPtop=\skip87
\rotFPbot=\skip88
\rot@float@box=\box74
\rot@mess@toks=\toks45
) (C:\Users\pauline.guesdon\AppData\Local\Programs\MiKTeX\tex/latex/booktabs\booktabs.sty
Package: booktabs 2020/01/12 v1.61803398 Publication quality tables
\heavyrulewidth=\dimen276
\lightrulewidth=\dimen277
\cmidrulewidth=\dimen278
\belowrulesep=\dimen279
\belowbottomsep=\dimen280
\aboverulesep=\dimen281
\abovetopsep=\dimen282
\cmidrulesep=\dimen283
\cmidrulekern=\dimen284
\defaultaddspace=\dimen285
\@cmidla=\count376
\@cmidlb=\count377
\@aboverulesep=\dimen286
\@belowrulesep=\dimen287
\@thisruleclass=\count378
\@lastruleclass=\count379
\@thisrulewidth=\dimen288
)
Package hyperref Info: Option `colorlinks' set `true' on input line 44.
 (appendix/mis/acronym.tex
\glswrite=\write3
\glo@main@file=\write4
\openout4 = `these_main.glo'.

Package glossaries Info: Writing glossary file these_main.glo on input line 1.
\glo@acronym@file=\write5
\openout5 = `these_main.acn'.

Package glossaries Info: Writing glossary file these_main.acn on input line 1.
)
Package translations Info: No language package found. I am going to use `english' as default language. on input line 153.
 (c:\Users\pauline.guesdon\Documents\GitHub\Inchallah-lui-il-marche\Manuscrit_these\out\these_main.aux

LaTeX Warning: Label `subfig:259MHz_temp' multiply defined.


LaTeX Warning: Label `sub@subfig:259MHz_temp' multiply defined.

)
\openout1 = `these_main.aux'.

LaTeX Font Info:    Checking defaults for OML/cmm/m/it on input line 153.
LaTeX Font Info:    ... okay on input line 153.
LaTeX Font Info:    Checking defaults for OMS/cmsy/m/n on input line 153.
LaTeX Font Info:    ... okay on input line 153.
LaTeX Font Info:    Checking defaults for OT1/cmr/m/n on input line 153.
LaTeX Font Info:    ... okay on input line 153.
LaTeX Font Info:    Checking defaults for T1/cmr/m/n on input line 153.
LaTeX Font Info:    ... okay on input line 153.
LaTeX Font Info:    Checking defaults for TS1/cmr/m/n on input line 153.
LaTeX Font Info:    ... okay on input line 153.
LaTeX Font Info:    Checking defaults for OMX/cmex/m/n on input line 153.
LaTeX Font Info:    ... okay on input line 153.
LaTeX Font Info:    Checking defaults for U/cmr/m/n on input line 153.
LaTeX Font Info:    ... okay on input line 153.
LaTeX Font Info:    Checking defaults for PD1/pdf/m/n on input line 153.
LaTeX Font Info:    ... okay on input line 153.
LaTeX Font Info:    Checking defaults for PU/pdf/m/n on input line 153.
LaTeX Font Info:    ... okay on input line 153.
 (C:\Users\pauline.guesdon\AppData\Local\Programs\MiKTeX\tex/context/base/mkii\supp-pdf.mkii
[Loading MPS to PDF converter (version 2006.09.02).]
\scratchcounter=\count380
\scratchdimen=\dimen289
\scratchbox=\box75
\nofMPsegments=\count381
\nofMParguments=\count382
\everyMPshowfont=\toks46
\MPscratchCnt=\count383
\MPscratchDim=\dimen290
\MPnumerator=\count384
\makeMPintoPDFobject=\count385
\everyMPtoPDFconversion=\toks47
) (C:\Users\pauline.guesdon\AppData\Local\Programs\MiKTeX\tex/latex/epstopdf-pkg\epstopdf-base.sty
Package: epstopdf-base 2020-01-24 v2.11 Base part for package epstopdf
Package epstopdf-base Info: Redefining graphics rule for `.eps' on input line 485.
 (C:\Users\pauline.guesdon\AppData\Local\Programs\MiKTeX\tex/latex/00miktex\epstopdf-sys.cfg
File: epstopdf-sys.cfg 2021/03/18 v2.0 Configuration of epstopdf for MiKTeX
))
Package caption Info: Begin \AtBeginDocument code.
Package caption Info: float package is loaded.
Package caption Info: hyperref package is loaded.
Package caption Info: longtable package is loaded.
 (C:\Users\pauline.guesdon\AppData\Local\Programs\MiKTeX\tex/latex/caption\ltcaption.sty
Package: ltcaption 2021/01/08 v1.4c longtable captions (AR)
)
Package caption Info: rotating package is loaded.
Package caption Info: supertabular package is loaded.
Package caption Info: End \AtBeginDocument code.

*geometry* driver: auto-detecting
*geometry* detected driver: pdftex
*geometry* verbose mode - [ preamble ] result:
* driver: pdftex
* paper: a4paper
* layout: <same size as paper>
* layoutoffset:(h,v)=(0.0pt,0.0pt)
* bindingoffset: 17.07164pt
* modes: twoside 
* h-part:(L,W,R)=(61.45795pt, 426.79134pt, 92.18695pt)
* v-part:(T,H,B)=(71.13188pt, 702.78308pt, 71.13188pt)
* \paperwidth=597.50787pt
* \paperheight=845.04684pt
* \textwidth=426.79134pt
* \textheight=702.78308pt
* \oddsidemargin=6.2596pt
* \evensidemargin=19.91696pt
* \topmargin=-38.1381pt
* \headheight=12.0pt
* \headsep=25.0pt
* \topskip=12.0pt
* \footskip=30.0pt
* \marginparwidth=95.0pt
* \marginparsep=10.0pt
* \columnsep=10.0pt
* \skip\footins=10.8pt plus 4.0pt minus 2.0pt
* \hoffset=0.0pt
* \voffset=0.0pt
* \mag=1000
* \@twocolumnfalse
* \@twosidetrue
* \@mparswitchtrue
* \@reversemarginfalse
* (1in=72.27pt=25.4mm, 1cm=28.453pt)

Package hyperref Info: Link coloring ON on input line 153.
(c:\Users\pauline.guesdon\Documents\GitHub\Inchallah-lui-il-marche\Manuscrit_these\out\these_main.out) (c:\Users\pauline.guesdon\Documents\GitHub\Inchallah-lui-il-marche\Manuscrit_these\out\these_main.out)
\@outlinefile=\write6
\openout6 = `these_main.out'.

 (C:\Users\pauline.guesdon\AppData\Local\Programs\MiKTeX\tex/latex/translations/dicts\translations-basic-dictionary-english.trsl
File: translations-basic-dictionary-english.trsl (english translation file `translations-basic-dictionary')
)
Package translations Info: loading dictionary `translations-basic-dictionary' for `english'. on input line 153.
 (appendix/titlepage.tex [1

\openout3 = `these_main.ist'.

{C:/Users/pauline.guesdon/AppData/Local/MiKTeX/fonts/map/pdftex/pdftex.map}]) (appendix/abstract.tex) (appendix/mis/dedication.tex [1

]) (appendix/mis/declaration.tex [2

]) (appendix/mis/acknowledgements.tex [3

]) [4

] (c:\Users\pauline.guesdon\Documents\GitHub\Inchallah-lui-il-marche\Manuscrit_these\out\these_main.toc
LaTeX Font Info:    Trying to load font information for U+msa on input line 3.
 (C:\Users\pauline.guesdon\AppData\Local\Programs\MiKTeX\tex/latex/amsfonts\umsa.fd
File: umsa.fd 2013/01/14 v3.01 AMS symbols A
)
LaTeX Font Info:    Trying to load font information for U+msb on input line 3.
 (C:\Users\pauline.guesdon\AppData\Local\Programs\MiKTeX\tex/latex/amsfonts\umsb.fd
File: umsb.fd 2013/01/14 v3.01 AMS symbols B
)
Overfull \hbox (3.30164pt too wide) in paragraph at lines 36--36
 [][] [][][]\OT1/cmr/m/n/12 Pound-Drever-Hall lock-ing sys-tem and PID con-troller 
 []

[5

]
LaTeX Font Info:    Trying to load font information for U+euf on input line 40.
 (C:\Users\pauline.guesdon\AppData\Local\Programs\MiKTeX\tex/latex/amsfonts\ueuf.fd
File: ueuf.fd 2013/01/14 v3.01 Euler Fraktur
) [6])
\tf@toc=\write7
\openout7 = `these_main.toc'.

 [7] (c:\Users\pauline.guesdon\Documents\GitHub\Inchallah-lui-il-marche\Manuscrit_these\out\these_main.lof [8

])
\tf@lof=\write8
\openout8 = `these_main.lof'.

 [9] (c:\Users\pauline.guesdon\Documents\GitHub\Inchallah-lui-il-marche\Manuscrit_these\out\these_main.lot)
\tf@lot=\write9
\openout9 = `these_main.lot'.


No file these_main.acr.
[10

] (Chapitres/Introduction/Introduction.tex [1


{C:/Users/pauline.guesdon/AppData/Local/Programs/MiKTeX/fonts/enc/dvips/cm-super/cm-super-ts1.enc}] [2]
Overfull \hbox (3.38475pt too wide) in paragraph at lines 47--49
\OT1/cmr/m/n/12 This manuscript cov-ers ex-per-i-men-tal atomic cool-ing, quan-tum mea-sure-ment schemes,
 []

) (Chapitres/Gas preparation and spin control/Gas_preparation_and_spin_control.tex [3]
Chapter 1.
[4

]
<Chapitres/Gas preparation and spin control/images/energy_levels_sr.png, id=733, 531.9875pt x 456.70625pt>
File: Chapitres/Gas preparation and spin control/images/energy_levels_sr.png Graphic file (type png)
<use Chapitres/Gas preparation and spin control/images/energy_levels_sr.png>
Package pdftex.def Info: Chapitres/Gas preparation and spin control/images/energy_levels_sr.png  used on input line 53.
(pdftex.def)             Requested size: 426.79134pt x 366.40384pt.
<Chapitres/Gas preparation and spin control/images/setup_experimental.pdf, id=739, 845.1575pt x 598.235pt>
File: Chapitres/Gas preparation and spin control/images/setup_experimental.pdf Graphic file (type pdf)
<use Chapitres/Gas preparation and spin control/images/setup_experimental.pdf>
Package pdftex.def Info: Chapitres/Gas preparation and spin control/images/setup_experimental.pdf  used on input line 64.
(pdftex.def)             Requested size: 426.79134pt x 302.10172pt.
 [5 <./Chapitres/Gas preparation and spin control/images/energy_levels_sr.png>]
<Chapitres/Gas preparation and spin control/images/sequence_Sr87.pdf, id=746, 1400.23125pt x 918.43124pt>
File: Chapitres/Gas preparation and spin control/images/sequence_Sr87.pdf Graphic file (type pdf)
<use Chapitres/Gas preparation and spin control/images/sequence_Sr87.pdf>
Package pdftex.def Info: Chapitres/Gas preparation and spin control/images/sequence_Sr87.pdf  used on input line 82.
(pdftex.def)             Requested size: 702.78308pt x 460.96626pt.
 [6 <./Chapitres/Gas preparation and spin control/images/setup_experimental.pdf>] [7 <./Chapitres/Gas preparation and spin control/images/sequence_Sr87.pdf>]
<Chapitres/Gas preparation and spin control/images/chaine_bleue_actualisée.pdf, id=786, 575.14874pt x 625.33624pt>
File: Chapitres/Gas preparation and spin control/images/chaine_bleue_actualisée.pdf Graphic file (type pdf)
<use Chapitres/Gas preparation and spin control/images/chaine_bleue_actualisée.pdf>
Package pdftex.def Info: Chapitres/Gas preparation and spin control/images/chaine_bleue_actualisée.pdf  used on input line 96.
(pdftex.def)             Requested size: 426.79134pt x 464.04881pt.
<Chapitres/Gas preparation and spin control/images/frequences_bleues.pdf, id=787, 435.6275pt x 552.0625pt>
File: Chapitres/Gas preparation and spin control/images/frequences_bleues.pdf Graphic file (type pdf)
<use Chapitres/Gas preparation and spin control/images/frequences_bleues.pdf>
Package pdftex.def Info: Chapitres/Gas preparation and spin control/images/frequences_bleues.pdf  used on input line 103.
(pdftex.def)             Requested size: 426.79134pt x 540.86592pt.
<Chapitres/Gas preparation and spin control/images/transverse_cooling_distribution.pdf, id=791, 619.59416pt x 408.81483pt>
File: Chapitres/Gas preparation and spin control/images/transverse_cooling_distribution.pdf Graphic file (type pdf)
<use Chapitres/Gas preparation and spin control/images/transverse_cooling_distribution.pdf>
Package pdftex.def Info: Chapitres/Gas preparation and spin control/images/transverse_cooling_distribution.pdf  used on input line 119.
(pdftex.def)             Requested size: 426.79134pt x 281.61469pt.
 [8] [9 <./Chapitres/Gas preparation and spin control/images/chaine_bleue_actualisée.pdf>] [10 <./Chapitres/Gas preparation and spin control/images/frequences_bleues.pdf>] [11 <./Chapitres/Gas preparation and spin control/images/transverse_cooling_distribution.pdf>]
Overfull \hbox (16.10965pt too wide) in paragraph at lines 149--151
[]\OT1/cmr/bx/n/12 Optimal de-tun-ing shift: \OT1/cmr/m/n/12 Ex-per-i-men-tal char-ac-ter-i-za-tion re-ported in F. Faisant's
 []

<Chapitres/Gas preparation and spin control/images/felix_faisant_these.pdf, id=1016, 542.17896pt x 431.01839pt>
File: Chapitres/Gas preparation and spin control/images/felix_faisant_these.pdf Graphic file (type pdf)
<use Chapitres/Gas preparation and spin control/images/felix_faisant_these.pdf>
Package pdftex.def Info: Chapitres/Gas preparation and spin control/images/felix_faisant_these.pdf  used on input line 155.
(pdftex.def)             Requested size: 341.43436pt x 271.43779pt.
[12 <./Chapitres/Gas preparation and spin control/images/felix_faisant_these.pdf>] [13]
<Chapitres/Gas preparation and spin control/images/energy_levels_repumper.png, id=1086, 328.22626pt x 246.9225pt>
File: Chapitres/Gas preparation and spin control/images/energy_levels_repumper.png Graphic file (type png)
<use Chapitres/Gas preparation and spin control/images/energy_levels_repumper.png>
Package pdftex.def Info: Chapitres/Gas preparation and spin control/images/energy_levels_repumper.png  used on input line 221.
(pdftex.def)             Requested size: 298.75262pt x 224.75255pt.
 [14 <./Chapitres/Gas preparation and spin control/images/energy_levels_repumper.png>]
<Chapitres/Gas preparation and spin control/images/table_repumper.pdf, id=1094, 542.025pt x 295.1025pt>
File: Chapitres/Gas preparation and spin control/images/table_repumper.pdf Graphic file (type pdf)
<use Chapitres/Gas preparation and spin control/images/table_repumper.pdf>
Package pdftex.def Info: Chapitres/Gas preparation and spin control/images/table_repumper.pdf  used on input line 234.
(pdftex.def)             Requested size: 426.79134pt x 232.37192pt.
 [15 <./Chapitres/Gas preparation and spin control/images/table_repumper.pdf>]
<Chapitres/Gas preparation and spin control/images/chaine_rouge_vieille.png, id=1395, 578.91281pt x 557.83406pt>
File: Chapitres/Gas preparation and spin control/images/chaine_rouge_vieille.png Graphic file (type png)
<use Chapitres/Gas preparation and spin control/images/chaine_rouge_vieille.png>
Package pdftex.def Info: Chapitres/Gas preparation and spin control/images/chaine_rouge_vieille.png  used on input line 251.
(pdftex.def)             Requested size: 426.79134pt x 411.25009pt.
<Chapitres/Gas preparation and spin control/images/LevelDiagramRed.pdf, id=1396, 437.635pt x 551.05875pt>
File: Chapitres/Gas preparation and spin control/images/LevelDiagramRed.pdf Graphic file (type pdf)
<use Chapitres/Gas preparation and spin control/images/LevelDiagramRed.pdf>
Package pdftex.def Info: Chapitres/Gas preparation and spin control/images/LevelDiagramRed.pdf  used on input line 259.
(pdftex.def)             Requested size: 426.79134pt x 537.41043pt.
 [16 <./Chapitres/Gas preparation and spin control/images/chaine_rouge_vieille.png>] [17 <./Chapitres/Gas preparation and spin control/images/LevelDiagramRed.pdf>]

pdfTeX warning: pdflatex (file ./Chapitres/Gas preparation and spin control/images/need_for_stir.pdf): PDF inclusion: found PDF version <1.7>, but at most version <1.5> allowed
<Chapitres/Gas preparation and spin control/images/need_for_stir.pdf, id=1446, 361.35pt x 301.125pt>
File: Chapitres/Gas preparation and spin control/images/need_for_stir.pdf Graphic file (type pdf)
<use Chapitres/Gas preparation and spin control/images/need_for_stir.pdf>
Package pdftex.def Info: Chapitres/Gas preparation and spin control/images/need_for_stir.pdf  used on input line 323.
(pdftex.def)             Requested size: 341.43436pt x 284.53246pt.
[18]
<Chapitres/Gas preparation and spin control/images/spin_randomization.pdf, id=1454, 710.89313pt x 437.50742pt>
File: Chapitres/Gas preparation and spin control/images/spin_randomization.pdf Graphic file (type pdf)
<use Chapitres/Gas preparation and spin control/images/spin_randomization.pdf>
Package pdftex.def Info: Chapitres/Gas preparation and spin control/images/spin_randomization.pdf  used on input line 343.
(pdftex.def)             Requested size: 384.10959pt x 236.39734pt.
 [19 <./Chapitres/Gas preparation and spin control/images/need_for_stir.pdf>]
<Chapitres/Gas preparation and spin control/images/red_MOT_in_3_steps.pdf, id=1477, 932.28299pt x 425.95134pt>
File: Chapitres/Gas preparation and spin control/images/red_MOT_in_3_steps.pdf Graphic file (type pdf)
<use Chapitres/Gas preparation and spin control/images/red_MOT_in_3_steps.pdf>
Package pdftex.def Info: Chapitres/Gas preparation and spin control/images/red_MOT_in_3_steps.pdf  used on input line 359.
(pdftex.def)             Requested size: 426.79134pt x 194.99756pt.
 [20 <./Chapitres/Gas preparation and spin control/images/spin_randomization.pdf> <./Chapitres/Gas preparation and spin control/images/red_MOT_in_3_steps.pdf>]
<Chapitres/Gas preparation and spin control/images/ODT_loading.png, id=1538, 537.50812pt x 371.13657pt>
File: Chapitres/Gas preparation and spin control/images/ODT_loading.png Graphic file (type png)
<use Chapitres/Gas preparation and spin control/images/ODT_loading.png>
Package pdftex.def Info: Chapitres/Gas preparation and spin control/images/ODT_loading.png  used on input line 405.
(pdftex.def)             Requested size: 384.10959pt x 265.21904pt.
 [21]
<Chapitres/Gas preparation and spin control/images/evaporative_cooling.png, id=1548, 646.66594pt x 271.0125pt>
File: Chapitres/Gas preparation and spin control/images/evaporative_cooling.png Graphic file (type png)
<use Chapitres/Gas preparation and spin control/images/evaporative_cooling.png>
Package pdftex.def Info: Chapitres/Gas preparation and spin control/images/evaporative_cooling.png  used on input line 418.
(pdftex.def)             Requested size: 298.75262pt x 125.20485pt.
 [22 <./Chapitres/Gas preparation and spin control/images/ODT_loading.png> <./Chapitres/Gas preparation and spin control/images/evaporative_cooling.png>]
<Chapitres/Gas preparation and spin control/images/1.30_dipole_trap(1075)_setup.png, id=1557, 444.9423pt x 325.215pt>
File: Chapitres/Gas preparation and spin control/images/1.30_dipole_trap(1075)_setup.png Graphic file (type png)
<use Chapitres/Gas preparation and spin control/images/1.30_dipole_trap(1075)_setup.png>
Package pdftex.def Info: Chapitres/Gas preparation and spin control/images/1.30_dipole_trap(1075)_setup.png  used on input line 455.
(pdftex.def)             Requested size: 426.79134pt x 311.94977pt.
 [23] [24 <./Chapitres/Gas preparation and spin control/images/1.30_dipole_trap(1075)_setup.png>]

Package natbib Warning: Citation `bataille_adiabatic_2020' on page 25 undefined on input line 485.

<Chapitres/Gas preparation and spin control/images/optical_pumping.png, id=1569, 682.80093pt x 346.29375pt>
File: Chapitres/Gas preparation and spin control/images/optical_pumping.png Graphic file (type png)
<use Chapitres/Gas preparation and spin control/images/optical_pumping.png>
Package pdftex.def Info: Chapitres/Gas preparation and spin control/images/optical_pumping.png  used on input line 489.
(pdftex.def)             Requested size: 426.79134pt x 216.45947pt.
[25 <./Chapitres/Gas preparation and spin control/images/optical_pumping.png>]
<Chapitres/Gas preparation and spin control/images/ecdl_cateye.pdf, id=1576, 715.67375pt x 426.59375pt>
File: Chapitres/Gas preparation and spin control/images/ecdl_cateye.pdf Graphic file (type pdf)
<use Chapitres/Gas preparation and spin control/images/ecdl_cateye.pdf>
Package pdftex.def Info: Chapitres/Gas preparation and spin control/images/ecdl_cateye.pdf  used on input line 506.
(pdftex.def)             Requested size: 384.10959pt x 228.95769pt.
 [26 <./Chapitres/Gas preparation and spin control/images/ecdl_cateye.pdf>]
<Chapitres/Gas preparation and spin control/images/TLS_et_raman.png, id=1589, 838.8138pt x 719.3274pt>
File: Chapitres/Gas preparation and spin control/images/TLS_et_raman.png Graphic file (type png)
<use Chapitres/Gas preparation and spin control/images/TLS_et_raman.png>
Package pdftex.def Info: Chapitres/Gas preparation and spin control/images/TLS_et_raman.png  used on input line 541.
(pdftex.def)             Requested size: 426.79134pt x 366.00696pt.
 [27]
Overfull \hbox (97.07822pt too wide) in paragraph at lines 552--553
[]\OT1/cmr/m/n/12 This con-fig-u-ra-tion se-lec-tively cou-ples a sin-gle pair of states|for in-stance, $[] \OMS/cmsy/m/n/12 !
 []

[28 <./Chapitres/Gas preparation and spin control/images/TLS_et_raman.png>]
<Chapitres/Gas preparation and spin control/images/chaine_moglab.pdf, id=1608, 316.18124pt x 207.77625pt>
File: Chapitres/Gas preparation and spin control/images/chaine_moglab.pdf Graphic file (type pdf)
<use Chapitres/Gas preparation and spin control/images/chaine_moglab.pdf>
Package pdftex.def Info: Chapitres/Gas preparation and spin control/images/chaine_moglab.pdf  used on input line 558.
(pdftex.def)             Requested size: 426.79134pt x 280.48264pt.
<Chapitres/Gas preparation and spin control/images/moglab.pdf, id=1611, 313.17pt x 254.9525pt>
File: Chapitres/Gas preparation and spin control/images/moglab.pdf Graphic file (type pdf)
<use Chapitres/Gas preparation and spin control/images/moglab.pdf>
Package pdftex.def Info: Chapitres/Gas preparation and spin control/images/moglab.pdf  used on input line 570.
(pdftex.def)             Requested size: 426.79134pt x 347.46605pt.
 [29 <./Chapitres/Gas preparation and spin control/images/chaine_moglab.pdf>] [30 <./Chapitres/Gas preparation and spin control/images/moglab.pdf>]

pdfTeX warning: pdflatex (file ./Chapitres/Gas preparation and spin control/images/cavity_mount.pdf): PDF inclusion: found PDF version <1.7>, but at most version <1.5> allowed
<Chapitres/Gas preparation and spin control/images/cavity_mount.pdf, id=2046, 1129.21875pt x 639.89063pt>
File: Chapitres/Gas preparation and spin control/images/cavity_mount.pdf Graphic file (type pdf)
<use Chapitres/Gas preparation and spin control/images/cavity_mount.pdf>
Package pdftex.def Info: Chapitres/Gas preparation and spin control/images/cavity_mount.pdf  used on input line 596.
(pdftex.def)             Requested size: 426.79134pt x 241.85258pt.
[31 <./Chapitres/Gas preparation and spin control/images/cavity_mount.pdf>]
<Chapitres/Gas preparation and spin control/images/PID_black.pdf, id=2062, 715.67375pt x 361.35pt>
File: Chapitres/Gas preparation and spin control/images/PID_black.pdf Graphic file (type pdf)
<use Chapitres/Gas preparation and spin control/images/PID_black.pdf>
Package pdftex.def Info: Chapitres/Gas preparation and spin control/images/PID_black.pdf  used on input line 633.
(pdftex.def)             Requested size: 426.79134pt x 215.49388pt.
 [32 <./Chapitres/Gas preparation and spin control/images/PID_black.pdf>]
<Chapitres/Gas preparation and spin control/images/error_signal_FP.pdf, id=2082, 657.13254pt x 352.21495pt>
File: Chapitres/Gas preparation and spin control/images/error_signal_FP.pdf Graphic file (type pdf)
<use Chapitres/Gas preparation and spin control/images/error_signal_FP.pdf>
Package pdftex.def Info: Chapitres/Gas preparation and spin control/images/error_signal_FP.pdf  used on input line 644.
(pdftex.def)             Requested size: 426.79134pt x 228.75427pt.
<Chapitres/Gas preparation and spin control/images/Carte_lock_laser_PDH_sr1sr2.pdf, id=2085, 845.1575pt x 597.23125pt>
File: Chapitres/Gas preparation and spin control/images/Carte_lock_laser_PDH_sr1sr2.pdf Graphic file (type pdf)
<use Chapitres/Gas preparation and spin control/images/Carte_lock_laser_PDH_sr1sr2.pdf>
Package pdftex.def Info: Chapitres/Gas preparation and spin control/images/Carte_lock_laser_PDH_sr1sr2.pdf  used on input line 666.
(pdftex.def)             Requested size: 426.79134pt x 301.59483pt.
 [33 <./Chapitres/Gas preparation and spin control/images/error_signal_FP.pdf>]
<Chapitres/Gas preparation and spin control/images/noise_spectrum.pdf, id=2129, 585.38701pt x 301.48997pt>
File: Chapitres/Gas preparation and spin control/images/noise_spectrum.pdf Graphic file (type pdf)
<use Chapitres/Gas preparation and spin control/images/noise_spectrum.pdf>
Package pdftex.def Info: Chapitres/Gas preparation and spin control/images/noise_spectrum.pdf  used on input line 673.
(pdftex.def)             Requested size: 426.79134pt x 219.80981pt.
 [34 <./Chapitres/Gas preparation and spin control/images/Carte_lock_laser_PDH_sr1sr2.pdf> <./Chapitres/Gas preparation and spin control/images/noise_spectrum.pdf>]
<Chapitres/Gas preparation and spin control/images/spin_kick_scheme.png, id=2194, 417.81094pt x 304.88907pt>
File: Chapitres/Gas preparation and spin control/images/spin_kick_scheme.png Graphic file (type png)
<use Chapitres/Gas preparation and spin control/images/spin_kick_scheme.png>
Package pdftex.def Info: Chapitres/Gas preparation and spin control/images/spin_kick_scheme.png  used on input line 695.
(pdftex.def)             Requested size: 426.79134pt x 311.46191pt.
) (Chapitres/Ramsey interferometers on qudit/Ramsey_interferometers_on_qudit.tex [35] (Chapitres/Ramsey interferometers on qudit/article Coherent Manip/SpinControl.tex [36 <./Chapitres/Gas preparation and spin control/images/spin_kick_scheme.png>]
Chapter 2.

Overfull \hbox (7.25417pt too wide) in paragraph at lines 11--12
[]\OT1/cmr/m/n/12 Among large-spin atoms, fermionic alkaline-earth and alkaline-earth-like atoms (AEA)
 []

<Chapitres/Ramsey interferometers on qudit/article Coherent Manip/Fig1.pdf, id=2241, 1120.95288pt x 610.41992pt>
File: Chapitres/Ramsey interferometers on qudit/article Coherent Manip/Fig1.pdf Graphic file (type pdf)
<use Chapitres/Ramsey interferometers on qudit/article Coherent Manip/Fig1.pdf>
Package pdftex.def Info: Chapitres/Ramsey interferometers on qudit/article Coherent Manip/Fig1.pdf  used on input line 15.
(pdftex.def)             Requested size: 426.79134pt x 232.40906pt.
[37

] [38 <./Chapitres/Ramsey interferometers on qudit/article Coherent Manip/Fig1.pdf>]

Package hyperref Warning: Token not allowed in a PDF string (Unicode):
(hyperref)                removing `math shift' on input line 23.


Package hyperref Warning: Token not allowed in a PDF string (Unicode):
(hyperref)                removing `math shift' on input line 23.

[39] [40] [41]
Overfull \hbox (1.36636pt too wide) in paragraph at lines 52--52
[]\OT1/cmr/bx/n/17.28 Coherent ma-nip-u-la-tion of a nuclear-spin qubit 
 []

<Chapitres/Ramsey interferometers on qudit/article Coherent Manip/Fig2.pdf, id=2398, 1087.73332pt x 241.21107pt>
File: Chapitres/Ramsey interferometers on qudit/article Coherent Manip/Fig2.pdf Graphic file (type pdf)
<use Chapitres/Ramsey interferometers on qudit/article Coherent Manip/Fig2.pdf>
Package pdftex.def Info: Chapitres/Ramsey interferometers on qudit/article Coherent Manip/Fig2.pdf  used on input line 57.
(pdftex.def)             Requested size: 426.79134pt x 94.64243pt.
[42 <./Chapitres/Ramsey interferometers on qudit/article Coherent Manip/Fig2.pdf>] [43] [44] [45]
Overfull \hbox (7.6897pt too wide) in paragraph at lines 90--92
\OT1/cmr/m/n/12 demon-stra-tions have been re-stricted to the man-i-fold $\OML/cmm/m/it/12 m[] \OMS/cmsy/m/n/12 2 f^^@\OT1/cmr/m/n/12 9\OML/cmm/m/it/12 =\OT1/cmr/m/n/12 2\OML/cmm/m/it/12 ; \OMS/cmsy/m/n/12 ^^@\OT1/cmr/m/n/12 7\OML/cmm/m/it/12 =\OT1/cmr/m/n/12 2\OML/cmm/m/it/12 ; \OMS/cmsy/m/n/12 ^^@\OT1/cmr/m/n/12 5\OML/cmm/m/it/12 =\OT1/cmr/m/n/12 2\OML/cmm/m/it/12 ; \OMS/cmsy/m/n/12 ^^@\OT1/cmr/m/n/12 3\OML/cmm/m/it/12 =\OT1/cmr/m/n/12 2\OMS/cmsy/m/n/12 g$\OT1/cmr/m/n/12 .
 []

<Chapitres/Ramsey interferometers on qudit/article Coherent Manip/Fig3.pdf, id=4060, 462.52798pt x 406.20229pt>
File: Chapitres/Ramsey interferometers on qudit/article Coherent Manip/Fig3.pdf Graphic file (type pdf)
<use Chapitres/Ramsey interferometers on qudit/article Coherent Manip/Fig3.pdf>
Package pdftex.def Info: Chapitres/Ramsey interferometers on qudit/article Coherent Manip/Fig3.pdf  used on input line 95.
(pdftex.def)             Requested size: 426.79134pt x 374.8387pt.
[46] [47 <./Chapitres/Ramsey interferometers on qudit/article Coherent Manip/Fig3.pdf>]
Overfull \hbox (33.18483pt too wide) in paragraph at lines 111--111
[]\OT1/cmr/bx/n/14.4 Parallel Ram-sey in-ter-fer-om-e-ters for si-mul-ta-ne-ous multiple-
 []

[48]
<Chapitres/Ramsey interferometers on qudit/article Coherent Manip/Fig4.pdf, id=4488, 462.52798pt x 475.80318pt>
File: Chapitres/Ramsey interferometers on qudit/article Coherent Manip/Fig4.pdf Graphic file (type pdf)
<use Chapitres/Ramsey interferometers on qudit/article Coherent Manip/Fig4.pdf>
Package pdftex.def Info: Chapitres/Ramsey interferometers on qudit/article Coherent Manip/Fig4.pdf  used on input line 137.
(pdftex.def)             Requested size: 426.79134pt x 439.06558pt.
 [49]

LaTeX Warning: Text page 50 contains only floats.


Overfull \vbox (6.28249pt too high) has occurred while \output is active []

 [50 <./Chapitres/Ramsey interferometers on qudit/article Coherent Manip/Fig4.pdf>] [51]
Overfull \hbox (19.06142pt too wide) in paragraph at lines 159--159
[]\OT1/cmr/bx/n/14.4 Simultaneous mea-sure-ments of mul-ti-ple col-lec-tive atomic
 []

[52] [53]
<Chapitres/Ramsey interferometers on qudit/article Coherent Manip/Fig5_v2.pdf, id=5184, 479.7925pt x 454.69875pt>
File: Chapitres/Ramsey interferometers on qudit/article Coherent Manip/Fig5_v2.pdf Graphic file (type pdf)
<use Chapitres/Ramsey interferometers on qudit/article Coherent Manip/Fig5_v2.pdf>
Package pdftex.def Info: Chapitres/Ramsey interferometers on qudit/article Coherent Manip/Fig5_v2.pdf  used on input line 201.
(pdftex.def)             Requested size: 426.79134pt x 404.47246pt.
 [54]

LaTeX Warning: Text page 55 contains only floats.


Overfull \vbox (4.84344pt too high) has occurred while \output is active []

 [55 <./Chapitres/Ramsey interferometers on qudit/article Coherent Manip/Fig5_v2.pdf>] [56] [57] [58]
Overfull \hbox (5.39284pt too wide) detected at line 287
[][][][] \OT1/cmr/m/n/12 = [] [] \OML/cmm/m/it/12 ;  [] \OT1/cmr/m/n/12 = [] [] \OML/cmm/m/it/12 ;  [] \OT1/cmr/m/n/12 = [] [] \OML/cmm/m/it/12 ;  [] \OT1/cmr/m/n/12 = [] [] \OML/cmm/m/it/12 :
 []

[59])) (Chapitres/Engineering highly entangled system of photoassociated 87Sr atoms/Engineering highly entangled system of photoassociated 87Sr atoms.tex
Overfull \hbox (3.99448pt too wide) in paragraph at lines 341--1
[][]\OT1/cmr/m/n/12 ajouter[] [][][]ou[]-[]ver[]-[]ture[] [][][]sur[] [][][]mesure[] [][][]h^^Set^^Serodyne[] [][][]comme[] [][][]def[] [][][]d'un[] [][][]POVM [[]] []et[] [][][]l'application[]
 []

[60]
Chapter 3.

Package hyperref Warning: Token not allowed in a PDF string (Unicode):
(hyperref)                removing `math shift' on input line 2.


Package hyperref Warning: Token not allowed in a PDF string (Unicode):
(hyperref)                removing `superscript' on input line 2.


Package hyperref Warning: Token not allowed in a PDF string (Unicode):
(hyperref)                removing `math shift' on input line 2.


Package hyperref Warning: Token not allowed in a PDF string (Unicode):
(hyperref)                removing `math shift' on input line 2.


Package hyperref Warning: Token not allowed in a PDF string (Unicode):
(hyperref)                removing `superscript' on input line 2.


Package hyperref Warning: Token not allowed in a PDF string (Unicode):
(hyperref)                removing `math shift' on input line 2.

[61

] [62]
<Chapitres/Engineering highly entangled system of photoassociated 87Sr atoms/images/Figures_pour_theorie/diffusion_sinus.pdf, id=5945, 380.42125pt x 247.92625pt>
File: Chapitres/Engineering highly entangled system of photoassociated 87Sr atoms/images/Figures_pour_theorie/diffusion_sinus.pdf Graphic file (type pdf)
<use Chapitres/Engineering highly entangled system of photoassociated 87Sr atoms/images/Figures_pour_theorie/diffusion_sinus.pdf>
Package pdftex.def Info: Chapitres/Engineering highly entangled system of photoassociated 87Sr atoms/images/Figures_pour_theorie/diffusion_sinus.pdf  used on input line 106.
(pdftex.def)             Requested size: 384.10959pt x 250.33922pt.

Underfull \hbox (badness 10000) in paragraph at lines 121--122

 []


Underfull \hbox (badness 10000) in paragraph at lines 123--131

 []

[63] [64 <./Chapitres/Engineering highly entangled system of photoassociated 87Sr atoms/images/Figures_pour_theorie/diffusion_sinus.pdf>]
<Chapitres/Engineering highly entangled system of photoassociated 87Sr atoms/images/Figures_pour_theorie/Guttridge_PA_process.pdf, id=5982, 417.56pt x 582.175pt>
File: Chapitres/Engineering highly entangled system of photoassociated 87Sr atoms/images/Figures_pour_theorie/Guttridge_PA_process.pdf Graphic file (type pdf)
<use Chapitres/Engineering highly entangled system of photoassociated 87Sr atoms/images/Figures_pour_theorie/Guttridge_PA_process.pdf>
Package pdftex.def Info: Chapitres/Engineering highly entangled system of photoassociated 87Sr atoms/images/Figures_pour_theorie/Guttridge_PA_process.pdf  used on input line 203.
(pdftex.def)             Requested size: 298.75262pt x 416.554pt.
 [65] [66 <./Chapitres/Engineering highly entangled system of photoassociated 87Sr atoms/images/Figures_pour_theorie/Guttridge_PA_process.pdf>]
Underfull \hbox (badness 10000) in paragraph at lines 266--271

 []

[67]
Underfull \hbox (badness 10000) in paragraph at lines 301--303

 []

[68] [69]
<Chapitres/Engineering highly entangled system of photoassociated 87Sr atoms/images/Figures_pour_theorie/proba_presence.pdf, id=6110, 489.83pt x 168.63pt>
File: Chapitres/Engineering highly entangled system of photoassociated 87Sr atoms/images/Figures_pour_theorie/proba_presence.pdf Graphic file (type pdf)
<use Chapitres/Engineering highly entangled system of photoassociated 87Sr atoms/images/Figures_pour_theorie/proba_presence.pdf>
Package pdftex.def Info: Chapitres/Engineering highly entangled system of photoassociated 87Sr atoms/images/Figures_pour_theorie/proba_presence.pdf  used on input line 375.
(pdftex.def)             Requested size: 426.79134pt x 146.93076pt.
 [70]
<Chapitres/Engineering highly entangled system of photoassociated 87Sr atoms/images/Figures_pour_theorie/hund_case_c.pdf, id=6119, 108.405pt x 89.33376pt>
File: Chapitres/Engineering highly entangled system of photoassociated 87Sr atoms/images/Figures_pour_theorie/hund_case_c.pdf Graphic file (type pdf)
<use Chapitres/Engineering highly entangled system of photoassociated 87Sr atoms/images/Figures_pour_theorie/hund_case_c.pdf>
Package pdftex.def Info: Chapitres/Engineering highly entangled system of photoassociated 87Sr atoms/images/Figures_pour_theorie/hund_case_c.pdf  used on input line 394.
(pdftex.def)             Requested size: 384.10959pt x 316.62039pt.
 [71 <./Chapitres/Engineering highly entangled system of photoassociated 87Sr atoms/images/Figures_pour_theorie/proba_presence.pdf>] [72 <./Chapitres/Engineering highly entangled system of photoassociated 87Sr atoms/images/Figures_pour_theorie/hund_case_c.pdf>]
<Chapitres/Engineering highly entangled system of photoassociated 87Sr atoms/images/Figures_pour_theorie/ytterbium.pdf, id=6363, 446.66875pt x 341.275pt>
File: Chapitres/Engineering highly entangled system of photoassociated 87Sr atoms/images/Figures_pour_theorie/ytterbium.pdf Graphic file (type pdf)
<use Chapitres/Engineering highly entangled system of photoassociated 87Sr atoms/images/Figures_pour_theorie/ytterbium.pdf>
Package pdftex.def Info: Chapitres/Engineering highly entangled system of photoassociated 87Sr atoms/images/Figures_pour_theorie/ytterbium.pdf  used on input line 427.
(pdftex.def)             Requested size: 341.43436pt x 260.87663pt.
 [73 <./Chapitres/Engineering highly entangled system of photoassociated 87Sr atoms/images/Figures_pour_theorie/ytterbium.pdf>] [74]
<Chapitres/Engineering highly entangled system of photoassociated 87Sr atoms/images/Figures_pour_theorie/WKB_sakurai.pdf, id=6394, 787.74298pt x 498.663pt>
File: Chapitres/Engineering highly entangled system of photoassociated 87Sr atoms/images/Figures_pour_theorie/WKB_sakurai.pdf Graphic file (type pdf)
<use Chapitres/Engineering highly entangled system of photoassociated 87Sr atoms/images/Figures_pour_theorie/WKB_sakurai.pdf>
Package pdftex.def Info: Chapitres/Engineering highly entangled system of photoassociated 87Sr atoms/images/Figures_pour_theorie/WKB_sakurai.pdf  used on input line 511.
(pdftex.def)             Requested size: 341.43436pt x 216.14053pt.
 [75 <./Chapitres/Engineering highly entangled system of photoassociated 87Sr atoms/images/Figures_pour_theorie/WKB_sakurai.pdf>] [76]
<Chapitres/Engineering highly entangled system of photoassociated 87Sr atoms/images/Figures_pour_theorie/mass_scaling.pdf, id=6444, 244.915pt x 245.91875pt>
File: Chapitres/Engineering highly entangled system of photoassociated 87Sr atoms/images/Figures_pour_theorie/mass_scaling.pdf Graphic file (type pdf)
<use Chapitres/Engineering highly entangled system of photoassociated 87Sr atoms/images/Figures_pour_theorie/mass_scaling.pdf>
Package pdftex.def Info: Chapitres/Engineering highly entangled system of photoassociated 87Sr atoms/images/Figures_pour_theorie/mass_scaling.pdf  used on input line 619.
(pdftex.def)             Requested size: 298.75262pt x 299.98665pt.
 [77] [78 <./Chapitres/Engineering highly entangled system of photoassociated 87Sr atoms/images/Figures_pour_theorie/mass_scaling.pdf>]
Underfull \hbox (badness 10000) in paragraph at lines 632--636

 []

<Chapitres/Engineering highly entangled system of photoassociated 87Sr atoms/images/Schemas_optiques/nouveau_beating.pdf, id=6698, 404.51125pt x 230.8625pt>
File: Chapitres/Engineering highly entangled system of photoassociated 87Sr atoms/images/Schemas_optiques/nouveau_beating.pdf Graphic file (type pdf)
<use Chapitres/Engineering highly entangled system of photoassociated 87Sr atoms/images/Schemas_optiques/nouveau_beating.pdf>
Package pdftex.def Info: Chapitres/Engineering highly entangled system of photoassociated 87Sr atoms/images/Schemas_optiques/nouveau_beating.pdf  used on input line 661.
(pdftex.def)             Requested size: 426.79134pt x 243.58229pt.
[79]
<Chapitres/Engineering highly entangled system of photoassociated 87Sr atoms/images/frequences_PA_87.pdf, id=6705, 562.99434pt x 523.84796pt>
File: Chapitres/Engineering highly entangled system of photoassociated 87Sr atoms/images/frequences_PA_87.pdf Graphic file (type pdf)
<use Chapitres/Engineering highly entangled system of photoassociated 87Sr atoms/images/frequences_PA_87.pdf>
Package pdftex.def Info: Chapitres/Engineering highly entangled system of photoassociated 87Sr atoms/images/frequences_PA_87.pdf  used on input line 694.
(pdftex.def)             Requested size: 341.43436pt x 317.70035pt.
<Chapitres/Engineering highly entangled system of photoassociated 87Sr atoms/images/frequences_PA_88.pdf, id=6706, 570.97116pt x 479.58392pt>
File: Chapitres/Engineering highly entangled system of photoassociated 87Sr atoms/images/frequences_PA_88.pdf Graphic file (type pdf)
<use Chapitres/Engineering highly entangled system of photoassociated 87Sr atoms/images/frequences_PA_88.pdf>
Package pdftex.def Info: Chapitres/Engineering highly entangled system of photoassociated 87Sr atoms/images/frequences_PA_88.pdf  used on input line 696.
(pdftex.def)             Requested size: 362.77524pt x 304.70802pt.
 [80 <./Chapitres/Engineering highly entangled system of photoassociated 87Sr atoms/images/Schemas_optiques/nouveau_beating.pdf>] [81 <./Chapitres/Engineering highly entangled system of photoassociated 87Sr atoms/images/frequences_PA_87.pdf> <./Chapitres/Engineering highly entangled system of photoassociated 87Sr atoms/images/frequences_PA_88.pdf

pdfTeX warning: pdflatex (file ./Chapitres/Engineering highly entangled system of photoassociated 87Sr atoms/images/frequences_PA_88.pdf): PDF inclusion: multiple pdfs with page group included in a single page
>]
<Chapitres/Engineering highly entangled system of photoassociated 87Sr atoms/images/Figures_pour_theorie/battement.pdf, id=6881, 630.355pt x 396.48125pt>
File: Chapitres/Engineering highly entangled system of photoassociated 87Sr atoms/images/Figures_pour_theorie/battement.pdf Graphic file (type pdf)
<use Chapitres/Engineering highly entangled system of photoassociated 87Sr atoms/images/Figures_pour_theorie/battement.pdf>
Package pdftex.def Info: Chapitres/Engineering highly entangled system of photoassociated 87Sr atoms/images/Figures_pour_theorie/battement.pdf  used on input line 713.
(pdftex.def)             Requested size: 384.10959pt x 241.5991pt.
 [82 <./Chapitres/Engineering highly entangled system of photoassociated 87Sr atoms/images/Figures_pour_theorie/battement.pdf>]
<Chapitres/Engineering highly entangled system of photoassociated 87Sr atoms/images/Figures_pour_theorie/bessel_functions_finale.pdf, id=6904, 344.28625pt x 253.94875pt>
File: Chapitres/Engineering highly entangled system of photoassociated 87Sr atoms/images/Figures_pour_theorie/bessel_functions_finale.pdf Graphic file (type pdf)
<use Chapitres/Engineering highly entangled system of photoassociated 87Sr atoms/images/Figures_pour_theorie/bessel_functions_finale.pdf>
Package pdftex.def Info: Chapitres/Engineering highly entangled system of photoassociated 87Sr atoms/images/Figures_pour_theorie/bessel_functions_finale.pdf  used on input line 737.
(pdftex.def)             Requested size: 298.75262pt x 220.364pt.
 [83 <./Chapitres/Engineering highly entangled system of photoassociated 87Sr atoms/images/Figures_pour_theorie/bessel_functions_finale.pdf>]
<Chapitres/Engineering highly entangled system of photoassociated 87Sr atoms/images/Figures_pour_theorie/erreur_40MHz.pdf, id=6933, 713.53894pt x 426.39299pt>
File: Chapitres/Engineering highly entangled system of photoassociated 87Sr atoms/images/Figures_pour_theorie/erreur_40MHz.pdf Graphic file (type pdf)
<use Chapitres/Engineering highly entangled system of photoassociated 87Sr atoms/images/Figures_pour_theorie/erreur_40MHz.pdf>
Package pdftex.def Info: Chapitres/Engineering highly entangled system of photoassociated 87Sr atoms/images/Figures_pour_theorie/erreur_40MHz.pdf  used on input line 758.
(pdftex.def)             Requested size: 362.77524pt x 216.78088pt.
<Chapitres/Engineering highly entangled system of photoassociated 87Sr atoms/images/40MHz_resonance.pdf, id=6938, 693.01096pt x 424.03857pt>
File: Chapitres/Engineering highly entangled system of photoassociated 87Sr atoms/images/40MHz_resonance.pdf Graphic file (type pdf)
<use Chapitres/Engineering highly entangled system of photoassociated 87Sr atoms/images/40MHz_resonance.pdf>
Package pdftex.def Info: Chapitres/Engineering highly entangled system of photoassociated 87Sr atoms/images/40MHz_resonance.pdf  used on input line 775.
(pdftex.def)             Requested size: 426.79134pt x 261.14775pt.
 [84 <./Chapitres/Engineering highly entangled system of photoassociated 87Sr atoms/images/Figures_pour_theorie/erreur_40MHz.pdf>] [85 <./Chapitres/Engineering highly entangled system of photoassociated 87Sr atoms/images/40MHz_resonance.pdf>] [86] [87]

Package hyperref Warning: Token not allowed in a PDF string (Unicode):
(hyperref)                removing `math shift' on input line 922.


Package hyperref Warning: Token not allowed in a PDF string (Unicode):
(hyperref)                removing `superscript' on input line 922.


Package hyperref Warning: Token not allowed in a PDF string (Unicode):
(hyperref)                removing `math shift' on input line 922.

[88]
<Chapitres/Engineering highly entangled system of photoassociated 87Sr atoms/images/88Sr/resonance_88.pdf, id=7090, 913.4125pt x 1677.26625pt>
File: Chapitres/Engineering highly entangled system of photoassociated 87Sr atoms/images/88Sr/resonance_88.pdf Graphic file (type pdf)
<use Chapitres/Engineering highly entangled system of photoassociated 87Sr atoms/images/88Sr/resonance_88.pdf>
Package pdftex.def Info: Chapitres/Engineering highly entangled system of photoassociated 87Sr atoms/images/88Sr/resonance_88.pdf  used on input line 981.
(pdftex.def)             Requested size: 320.09349pt x 587.76859pt.

Overfull \hbox (9.39409pt too wide) in paragraph at lines 992--995
\OT1/cmr/m/n/12 MOGlabs ECDL laser. To demon-strate its tech-ni-cal ori-gin, we com-pared the MOGlabs
 []


Overfull \hbox (67.60477pt too wide) in paragraph at lines 1000--1010
 [][] 
 []

<Chapitres/Engineering highly entangled system of photoassociated 87Sr atoms/images/88Sr/comparaison_raie_24MHz_88_jolie.pdf, id=7093, 578.16pt x 407.5225pt>
File: Chapitres/Engineering highly entangled system of photoassociated 87Sr atoms/images/88Sr/comparaison_raie_24MHz_88_jolie.pdf Graphic file (type pdf)
<use Chapitres/Engineering highly entangled system of photoassociated 87Sr atoms/images/88Sr/comparaison_raie_24MHz_88_jolie.pdf>
Package pdftex.def Info: Chapitres/Engineering highly entangled system of photoassociated 87Sr atoms/images/88Sr/comparaison_raie_24MHz_88_jolie.pdf  used on input line 1014.
(pdftex.def)             Requested size: 426.79134pt x 300.82817pt.
[89] [90 <./Chapitres/Engineering highly entangled system of photoassociated 87Sr atoms/images/88Sr/resonance_88.pdf>]
<Chapitres/Engineering highly entangled system of photoassociated 87Sr atoms/images/87Sr/data15_6MHz_noise.pdf, id=11021, 459.7175pt x 343.2825pt>
File: Chapitres/Engineering highly entangled system of photoassociated 87Sr atoms/images/87Sr/data15_6MHz_noise.pdf Graphic file (type pdf)
<use Chapitres/Engineering highly entangled system of photoassociated 87Sr atoms/images/87Sr/data15_6MHz_noise.pdf>
Package pdftex.def Info: Chapitres/Engineering highly entangled system of photoassociated 87Sr atoms/images/87Sr/data15_6MHz_noise.pdf  used on input line 1047.
(pdftex.def)             Requested size: 341.43436pt x 254.97314pt.
 [91 <./Chapitres/Engineering highly entangled system of photoassociated 87Sr atoms/images/88Sr/comparaison_raie_24MHz_88_jolie.pdf>]
<Chapitres/Engineering highly entangled system of photoassociated 87Sr atoms/images/87Sr/6MHz_blue_detuned.pdf, id=14505, 610.28pt x 407.5225pt>
File: Chapitres/Engineering highly entangled system of photoassociated 87Sr atoms/images/87Sr/6MHz_blue_detuned.pdf Graphic file (type pdf)
<use Chapitres/Engineering highly entangled system of photoassociated 87Sr atoms/images/87Sr/6MHz_blue_detuned.pdf>
Package pdftex.def Info: Chapitres/Engineering highly entangled system of photoassociated 87Sr atoms/images/87Sr/6MHz_blue_detuned.pdf  used on input line 1057.
(pdftex.def)             Requested size: 341.43436pt x 228.00583pt.


Package hyperref Warning: Token not allowed in a PDF string (Unicode):
(hyperref)                removing `math shift' on input line 1065.


Package hyperref Warning: Token not allowed in a PDF string (Unicode):
(hyperref)                removing `subscript' on input line 1065.


Package hyperref Warning: Token not allowed in a PDF string (Unicode):
(hyperref)                removing `math shift' on input line 1065.

[92 <./Chapitres/Engineering highly entangled system of photoassociated 87Sr atoms/images/87Sr/data15_6MHz_noise.pdf> <./Chapitres/Engineering highly entangled system of photoassociated 87Sr atoms/images/87Sr/6MHz_blue_detuned.pdf

pdfTeX warning: pdflatex (file ./Chapitres/Engineering highly entangled system of photoassociated 87Sr atoms/images/87Sr/6MHz_blue_detuned.pdf): PDF inclusion: multiple pdfs with page group included in a single page
>]
Overfull \hbox (10.34189pt too wide) in paragraph at lines 1096--1097
[]\OT1/cmr/m/n/12 Remarkably, the prod-uct $\OML/cmm/m/it/12 A \OMS/cmsy/m/n/12 ^^A \OT1/cmr/m/n/12 ^^@[]$ elim-i-nates the to-tal power-broadened and temperature-
 []

[93]

Package hyperref Warning: Token not allowed in a PDF string (Unicode):
(hyperref)                removing `math shift' on input line 1109.


Package hyperref Warning: Token not allowed in a PDF string (Unicode):
(hyperref)                removing `math shift' on input line 1109.


Underfull \hbox (badness 10000) in paragraph at lines 1137--1139

 []

[94]
Underfull \hbox (badness 10000) in paragraph at lines 1140--1141

 []

<Chapitres/Engineering highly entangled system of photoassociated 87Sr atoms/images/88Sr/fig_149_sr88.pdf, id=25430, 621.82pt x 389.6062pt>
File: Chapitres/Engineering highly entangled system of photoassociated 87Sr atoms/images/88Sr/fig_149_sr88.pdf Graphic file (type pdf)
<use Chapitres/Engineering highly entangled system of photoassociated 87Sr atoms/images/88Sr/fig_149_sr88.pdf>
Package pdftex.def Info: Chapitres/Engineering highly entangled system of photoassociated 87Sr atoms/images/88Sr/fig_149_sr88.pdf  used on input line 1165.
(pdftex.def)             Requested size: 384.10959pt x 240.66754pt.
<Chapitres/Engineering highly entangled system of photoassociated 87Sr atoms/images/88Sr/fig_148_sr88.pdf, id=25431, 621.82pt x 389.6062pt>
File: Chapitres/Engineering highly entangled system of photoassociated 87Sr atoms/images/88Sr/fig_148_sr88.pdf Graphic file (type pdf)
<use Chapitres/Engineering highly entangled system of photoassociated 87Sr atoms/images/88Sr/fig_148_sr88.pdf>
Package pdftex.def Info: Chapitres/Engineering highly entangled system of photoassociated 87Sr atoms/images/88Sr/fig_148_sr88.pdf  used on input line 1170.
(pdftex.def)             Requested size: 384.10959pt x 240.66754pt.
[95] [96 <./Chapitres/Engineering highly entangled system of photoassociated 87Sr atoms/images/88Sr/fig_149_sr88.pdf> <./Chapitres/Engineering highly entangled system of photoassociated 87Sr atoms/images/88Sr/fig_148_sr88.pdf>]

Package hyperref Warning: Token not allowed in a PDF string (Unicode):
(hyperref)                removing `math shift' on input line 1202.


Package hyperref Warning: Token not allowed in a PDF string (Unicode):
(hyperref)                removing `superscript' on input line 1202.


Package hyperref Warning: Token not allowed in a PDF string (Unicode):
(hyperref)                removing `math shift' on input line 1202.


Underfull \hbox (badness 10000) in paragraph at lines 1205--1208

 []

<Chapitres/Engineering highly entangled system of photoassociated 87Sr atoms/images/Schemas_optiques/zoom_red_chain_beating.pdf, id=25516, 425.59pt x 506.89375pt>
File: Chapitres/Engineering highly entangled system of photoassociated 87Sr atoms/images/Schemas_optiques/zoom_red_chain_beating.pdf Graphic file (type pdf)
<use Chapitres/Engineering highly entangled system of photoassociated 87Sr atoms/images/Schemas_optiques/zoom_red_chain_beating.pdf>
Package pdftex.def Info: Chapitres/Engineering highly entangled system of photoassociated 87Sr atoms/images/Schemas_optiques/zoom_red_chain_beating.pdf  used on input line 1212.
(pdftex.def)             Requested size: 384.10959pt x 457.51505pt.
<Chapitres/Engineering highly entangled system of photoassociated 87Sr atoms/images/87Sr/data16_exp_bruit_6MHz.pdf, id=25519, 614.295pt x 388.45125pt>
File: Chapitres/Engineering highly entangled system of photoassociated 87Sr atoms/images/87Sr/data16_exp_bruit_6MHz.pdf Graphic file (type pdf)
<use Chapitres/Engineering highly entangled system of photoassociated 87Sr atoms/images/87Sr/data16_exp_bruit_6MHz.pdf>
Package pdftex.def Info: Chapitres/Engineering highly entangled system of photoassociated 87Sr atoms/images/87Sr/data16_exp_bruit_6MHz.pdf  used on input line 1270.
(pdftex.def)             Requested size: 426.79134pt x 269.88687pt.
[97] [98 <./Chapitres/Engineering highly entangled system of photoassociated 87Sr atoms/images/Schemas_optiques/zoom_red_chain_beating.pdf>]
<Chapitres/Engineering highly entangled system of photoassociated 87Sr atoms/images/87Sr/temp_data_16_corrected.pdf, id=25784, 621.1456pt x 389.35612pt>
File: Chapitres/Engineering highly entangled system of photoassociated 87Sr atoms/images/87Sr/temp_data_16_corrected.pdf Graphic file (type pdf)
<use Chapitres/Engineering highly entangled system of photoassociated 87Sr atoms/images/87Sr/temp_data_16_corrected.pdf>
Package pdftex.def Info: Chapitres/Engineering highly entangled system of photoassociated 87Sr atoms/images/87Sr/temp_data_16_corrected.pdf  used on input line 1292.
(pdftex.def)             Requested size: 426.79134pt x 267.53314pt.
 [99 <./Chapitres/Engineering highly entangled system of photoassociated 87Sr atoms/images/87Sr/data16_exp_bruit_6MHz.pdf>]

Package hyperref Warning: Token not allowed in a PDF string (Unicode):
(hyperref)                removing `math shift' on input line 1317.


Package hyperref Warning: Token not allowed in a PDF string (Unicode):
(hyperref)                removing `superscript' on input line 1317.


Package hyperref Warning: Token not allowed in a PDF string (Unicode):
(hyperref)                removing `math shift' on input line 1317.


Underfull \hbox (badness 10000) in paragraph at lines 1324--1328

 []

[100 <./Chapitres/Engineering highly entangled system of photoassociated 87Sr atoms/images/87Sr/temp_data_16_corrected.pdf>]
Underfull \hbox (badness 10000) in paragraph at lines 1329--1332

 []

<Chapitres/Engineering highly entangled system of photoassociated 87Sr atoms/images/87Sr/normalisation_data195.pdf, id=31749, 684.5575pt x 294.09875pt>
File: Chapitres/Engineering highly entangled system of photoassociated 87Sr atoms/images/87Sr/normalisation_data195.pdf Graphic file (type pdf)
<use Chapitres/Engineering highly entangled system of photoassociated 87Sr atoms/images/87Sr/normalisation_data195.pdf>
Package pdftex.def Info: Chapitres/Engineering highly entangled system of photoassociated 87Sr atoms/images/87Sr/normalisation_data195.pdf  used on input line 1342.
(pdftex.def)             Requested size: 341.43436pt x 146.69pt.
<Chapitres/Engineering highly entangled system of photoassociated 87Sr atoms/images/87Sr/temp_data_195_corrected.pdf, id=31750, 621.1456pt x 388.34523pt>
File: Chapitres/Engineering highly entangled system of photoassociated 87Sr atoms/images/87Sr/temp_data_195_corrected.pdf Graphic file (type pdf)
<use Chapitres/Engineering highly entangled system of photoassociated 87Sr atoms/images/87Sr/temp_data_195_corrected.pdf>
Package pdftex.def Info: Chapitres/Engineering highly entangled system of photoassociated 87Sr atoms/images/87Sr/temp_data_195_corrected.pdf  used on input line 1350.
(pdftex.def)             Requested size: 341.43436pt x 213.47202pt.
<Chapitres/Engineering highly entangled system of photoassociated 87Sr atoms/images/87Sr/data247_exp_.pdf, id=31751, 621.06332pt x 389.6062pt>
File: Chapitres/Engineering highly entangled system of photoassociated 87Sr atoms/images/87Sr/data247_exp_.pdf Graphic file (type pdf)
<use Chapitres/Engineering highly entangled system of photoassociated 87Sr atoms/images/87Sr/data247_exp_.pdf>
Package pdftex.def Info: Chapitres/Engineering highly entangled system of photoassociated 87Sr atoms/images/87Sr/data247_exp_.pdf  used on input line 1358.
(pdftex.def)             Requested size: 341.43436pt x 214.19489pt.
[101]
Underfull \hbox (badness 10000) in paragraph at lines 1371--1376

 []

[102 <./Chapitres/Engineering highly entangled system of photoassociated 87Sr atoms/images/87Sr/normalisation_data195.pdf> <./Chapitres/Engineering highly entangled system of photoassociated 87Sr atoms/images/87Sr/temp_data_195_corrected.pdf> <./Chapitres/Engineering highly entangled system of photoassociated 87Sr atoms/images/87Sr/data247_exp_.pdf>]
Underfull \hbox (badness 10000) in paragraph at lines 1377--1379

 []


Underfull \hbox (badness 10000) in paragraph at lines 1380--1382

 []

<Chapitres/Engineering highly entangled system of photoassociated 87Sr atoms/images/87Sr/data171.pdf, id=32688, 670.505pt x 242.9075pt>
File: Chapitres/Engineering highly entangled system of photoassociated 87Sr atoms/images/87Sr/data171.pdf Graphic file (type pdf)
<use Chapitres/Engineering highly entangled system of photoassociated 87Sr atoms/images/87Sr/data171.pdf>
Package pdftex.def Info: Chapitres/Engineering highly entangled system of photoassociated 87Sr atoms/images/87Sr/data171.pdf  used on input line 1393.
(pdftex.def)             Requested size: 341.43436pt x 123.69214pt.
<Chapitres/Engineering highly entangled system of photoassociated 87Sr atoms/images/87Sr/temp_data_171_corrected.pdf, id=32689, 621.13115pt x 388.34523pt>
File: Chapitres/Engineering highly entangled system of photoassociated 87Sr atoms/images/87Sr/temp_data_171_corrected.pdf Graphic file (type pdf)
<use Chapitres/Engineering highly entangled system of photoassociated 87Sr atoms/images/87Sr/temp_data_171_corrected.pdf>
Package pdftex.def Info: Chapitres/Engineering highly entangled system of photoassociated 87Sr atoms/images/87Sr/temp_data_171_corrected.pdf  used on input line 1401.
(pdftex.def)             Requested size: 341.43436pt x 213.47202pt.
<Chapitres/Engineering highly entangled system of photoassociated 87Sr atoms/images/87Sr/data190_exp.pdf, id=32690, 621.06332pt x 387.62633pt>
File: Chapitres/Engineering highly entangled system of photoassociated 87Sr atoms/images/87Sr/data190_exp.pdf Graphic file (type pdf)
<use Chapitres/Engineering highly entangled system of photoassociated 87Sr atoms/images/87Sr/data190_exp.pdf>
Package pdftex.def Info: Chapitres/Engineering highly entangled system of photoassociated 87Sr atoms/images/87Sr/data190_exp.pdf  used on input line 1409.
(pdftex.def)             Requested size: 341.43436pt x 213.1064pt.
[103] [104 <./Chapitres/Engineering highly entangled system of photoassociated 87Sr atoms/images/87Sr/data171.pdf> <./Chapitres/Engineering highly entangled system of photoassociated 87Sr atoms/images/87Sr/temp_data_171_corrected.pdf> <./Chapitres/Engineering highly entangled system of photoassociated 87Sr atoms/images/87Sr/data190_exp.pdf>]
<Chapitres/Engineering highly entangled system of photoassociated 87Sr atoms/images/87Sr/normalisation_data184.pdf, id=35142, 672.5125pt x 289.08pt>
File: Chapitres/Engineering highly entangled system of photoassociated 87Sr atoms/images/87Sr/normalisation_data184.pdf Graphic file (type pdf)
<use Chapitres/Engineering highly entangled system of photoassociated 87Sr atoms/images/87Sr/normalisation_data184.pdf>
Package pdftex.def Info: Chapitres/Engineering highly entangled system of photoassociated 87Sr atoms/images/87Sr/normalisation_data184.pdf  used on input line 1435.
(pdftex.def)             Requested size: 320.09349pt x 137.59232pt.
<Chapitres/Engineering highly entangled system of photoassociated 87Sr atoms/images/87Sr/temp_data_184_corrected.pdf, id=35143, 657.08548pt x 410.02625pt>
File: Chapitres/Engineering highly entangled system of photoassociated 87Sr atoms/images/87Sr/temp_data_184_corrected.pdf Graphic file (type pdf)
<use Chapitres/Engineering highly entangled system of photoassociated 87Sr atoms/images/87Sr/temp_data_184_corrected.pdf>
Package pdftex.def Info: Chapitres/Engineering highly entangled system of photoassociated 87Sr atoms/images/87Sr/temp_data_184_corrected.pdf  used on input line 1442.
(pdftex.def)             Requested size: 320.09349pt x 199.74464pt.
<Chapitres/Engineering highly entangled system of photoassociated 87Sr atoms/images/87Sr/data_194_exp.pdf, id=35144, 621.06332pt x 389.6062pt>
File: Chapitres/Engineering highly entangled system of photoassociated 87Sr atoms/images/87Sr/data_194_exp.pdf Graphic file (type pdf)
<use Chapitres/Engineering highly entangled system of photoassociated 87Sr atoms/images/87Sr/data_194_exp.pdf>
Package pdftex.def Info: Chapitres/Engineering highly entangled system of photoassociated 87Sr atoms/images/87Sr/data_194_exp.pdf  used on input line 1449.
(pdftex.def)             Requested size: 320.09349pt x 200.80696pt.
 [105]

LaTeX Warning: Reference `subfig:276MHz_temp' on page 106 undefined on input line 1458.


Overfull \hbox (43.67278pt too wide) in paragraph at lines 1466--1479
 [][] 
 []

[106 <./Chapitres/Engineering highly entangled system of photoassociated 87Sr atoms/images/87Sr/normalisation_data184.pdf> <./Chapitres/Engineering highly entangled system of photoassociated 87Sr atoms/images/87Sr/temp_data_184_corrected.pdf> <./Chapitres/Engineering highly entangled system of photoassociated 87Sr atoms/images/87Sr/data_194_exp.pdf>]
Underfull \hbox (badness 10000) in paragraph at lines 1481--1482

 []


Underfull \hbox (badness 10000) in paragraph at lines 1502--1506

 []


Underfull \hbox (badness 10000) in paragraph at lines 1507--1509

 []

[107]
<Chapitres/Engineering highly entangled system of photoassociated 87Sr atoms/images/Figures_pour_theorie/predissociation.pdf, id=39766, 618.31pt x 455.7025pt>
File: Chapitres/Engineering highly entangled system of photoassociated 87Sr atoms/images/Figures_pour_theorie/predissociation.pdf Graphic file (type pdf)
<use Chapitres/Engineering highly entangled system of photoassociated 87Sr atoms/images/Figures_pour_theorie/predissociation.pdf>
Package pdftex.def Info: Chapitres/Engineering highly entangled system of photoassociated 87Sr atoms/images/Figures_pour_theorie/predissociation.pdf  used on input line 1529.
(pdftex.def)             Requested size: 426.79134pt x 314.56021pt.

Underfull \hbox (badness 10000) in paragraph at lines 1535--1538

 []

[108 <./Chapitres/Engineering highly entangled system of photoassociated 87Sr atoms/images/Figures_pour_theorie/predissociation.pdf>]
<Chapitres/Engineering highly entangled system of photoassociated 87Sr atoms/images/Figures_pour_theorie/sequence_chopping.pdf, id=39824, 263.98625pt x 35.13126pt>
File: Chapitres/Engineering highly entangled system of photoassociated 87Sr atoms/images/Figures_pour_theorie/sequence_chopping.pdf Graphic file (type pdf)
<use Chapitres/Engineering highly entangled system of photoassociated 87Sr atoms/images/Figures_pour_theorie/sequence_chopping.pdf>
Package pdftex.def Info: Chapitres/Engineering highly entangled system of photoassociated 87Sr atoms/images/Figures_pour_theorie/sequence_chopping.pdf  used on input line 1552.
(pdftex.def)             Requested size: 426.79134pt x 56.80078pt.
) (Chapitres/conclusion/conclusion.tex [109 <./Chapitres/Engineering highly entangled system of photoassociated 87Sr atoms/images/Figures_pour_theorie/sequence_chopping.pdf>]) [110

] (c:\Users\pauline.guesdon\Documents\GitHub\Inchallah-lui-il-marche\Manuscrit_these\out\these_main.bbl [111


] [112] [113] [114] [115] [116] [117]
Underfull \hbox (badness 10000) in paragraph at lines 536--538
[]\OT1/cmr/m/n/12 J. A. Bergou, ``Quan-tum state dis-crim-i-na-tion,'' \OT1/cmr/m/it/12 arXiv preprint
 []

[118]
LaTeX Font Info:    Trying to load font information for OMS+cmr on input line 612.
 (C:\Users\pauline.guesdon\AppData\Local\Programs\MiKTeX\tex/latex/base\omscmr.fd
File: omscmr.fd 2024/11/19 v2.5n Standard LaTeX font definitions
)
LaTeX Font Info:    Font shape `OMS/cmr/m/n' in size <12> not available
(Font)              Font shape `OMS/cmsy/m/n' tried instead on input line 612.
) [119] [120

] (appendix/appendixA.tex
Appendix A.
)

Package natbib Warning: There were undefined citations.

[121

] (c:\Users\pauline.guesdon\Documents\GitHub\Inchallah-lui-il-marche\Manuscrit_these\out\these_main.aux)
 ***********
LaTeX2e <2025-11-01>
L3 programming layer <2026-01-19>
 ***********


LaTeX Warning: There were undefined references.


LaTeX Warning: There were multiply-defined labels.

Package rerunfilecheck Info: File `these_main.out' has not changed.
(rerunfilecheck)             Checksum: 1D898BDB59524451D14CAE807FEA250E;20115.
 ) 
Here is how much of TeX's memory you used:
 26785 strings out of 467867
 599922 string characters out of 5413495
 1058204 words of memory out of 5000000
 54764 multiletter control sequences out of 15000+600000
 647749 words of font info for 116 fonts, out of 8000000 for 9000
 1141 hyphenation exceptions out of 8191
 73i,13n,77p,2631b,1587s stack positions out of 10000i,1000n,20000p,200000b,200000s
<C:/Users/pauline.guesdon/AppData/Local/Programs/MiKTeX/fonts/type1/public/amsfonts/cm/cmbx10.pfb><C:/Users/pauline.guesdon/AppData/Local/Programs/MiKTeX/fonts/type1/public/amsfonts/cm/cmbx12.pfb><C:/Users/pauline.guesdon/AppData/Local/Programs/MiKTeX/fonts/type1/public/amsfonts/cm/cmbx8.pfb><C:/Users/pauline.guesdon/AppData/Local/Programs/MiKTeX/fonts/type1/public/amsfonts/cm/cmex10.pfb><C:/Users/pauline.guesdon/AppData/Local/Programs/MiKTeX/fonts/type1/public/amsfonts/cmextra/cmex8.pfb><C:/Users/pauline.guesdon/AppData/Local/Programs/MiKTeX/fonts/type1/public/amsfonts/cm/cmmi10.pfb><C:/Users/pauline.guesdon/AppData/Local/Programs/MiKTeX/fonts/type1/public/amsfonts/cm/cmmi12.pfb><C:/Users/pauline.guesdon/AppData/Local/Programs/MiKTeX/fonts/type1/public/amsfonts/cm/cmmi6.pfb><C:/Users/pauline.guesdon/AppData/Local/Programs/MiKTeX/fonts/type1/public/amsfonts/cm/cmmi7.pfb><C:/Users/pauline.guesdon/AppData/Local/Programs/MiKTeX/fonts/type1/public/amsfonts/cm/cmmi8.pfb><C:/Users/pauline.guesdon/AppData/Local/Programs/MiKTeX/fonts/type1/public/amsfonts/cm/cmr10.pfb><C:/Users/pauline.guesdon/AppData/Local/Programs/MiKTeX/fonts/type1/public/amsfonts/cm/cmr12.pfb><C:/Users/pauline.guesdon/AppData/Local/Programs/MiKTeX/fonts/type1/public/amsfonts/cm/cmr17.pfb><C:/Users/pauline.guesdon/AppData/Local/Programs/MiKTeX/fonts/type1/public/amsfonts/cm/cmr6.pfb><C:/Users/pauline.guesdon/AppData/Local/Programs/MiKTeX/fonts/type1/public/amsfonts/cm/cmr8.pfb><C:/Users/pauline.guesdon/AppData/Local/Programs/MiKTeX/fonts/type1/public/amsfonts/cm/cmsy10.pfb><C:/Users/pauline.guesdon/AppData/Local/Programs/MiKTeX/fonts/type1/public/amsfonts/cm/cmsy6.pfb><C:/Users/pauline.guesdon/AppData/Local/Programs/MiKTeX/fonts/type1/public/amsfonts/cm/cmsy8.pfb><C:/Users/pauline.guesdon/AppData/Local/Programs/MiKTeX/fonts/type1/public/amsfonts/cm/cmti12.pfb><C:/Users/pauline.guesdon/AppData/Local/Programs/MiKTeX/fonts/type1/public/amsfonts/cm/cmti7.pfb><C:/Users/pauline.guesdon/AppData/Local/Programs/MiKTeX/fonts/type1/public/amsfonts/cm/cmti8.pfb><C:/Users/pauline.guesdon/AppData/Local/Programs/MiKTeX/fonts/type1/public/amsfonts/euler/eufm10.pfb><C:/Users/pauline.guesdon/AppData/Local/Programs/MiKTeX/fonts/type1/public/amsfonts/symbols/msam10.pfb><C:/Users/pauline.guesdon/AppData/Local/Programs/MiKTeX/fonts/type1/public/amsfonts/symbols/msbm10.pfb><C:/Users/pauline.guesdon/AppData/Local/Programs/MiKTeX/fonts/type1/public/amsfonts/symbols/msbm7.pfb><C:/Users/pauline.guesdon/AppData/Local/Programs/MiKTeX/fonts/type1/public/cm-super/sfrm1200.pfb>
Output written on c:\Users\pauline.guesdon\Documents\GitHub\Inchallah-lui-il-marche\Manuscrit_these\out\these_main.pdf (132 pages, 12895356 bytes).
PDF statistics:
 40129 PDF objects out of 45951 (max. 8388607)
 554 named destinations out of 1000 (max. 500000)
 1040 words of extra memory for PDF output out of 10000 (max. 10000000)

