\BOOKMARK [0][-]{chapter*.6}{\376\377\000I\000n\000t\000r\000o\000d\000u\000c\000t\000i\000o\000n}{}% 1
\BOOKMARK [0][-]{chapter.7}{\376\377\000G\000a\000s\000\040\000p\000r\000e\000p\000a\000r\000a\000t\000i\000o\000n\000\040\000a\000n\000d\000\040\000s\000p\000i\000n\000\040\000c\000o\000n\000t\000r\000o\000l}{}% 2
\BOOKMARK [1][-]{section.11}{\376\377\000F\000e\000r\000m\000i\000\040\000g\000a\000s\000\040\000p\000r\000e\000p\000a\000r\000a\000t\000i\000o\000n}{chapter.7}% 3
\BOOKMARK [2][-]{subsection.12}{\376\377\000B\000l\000u\000e\000\040\000o\000p\000t\000i\000c\000a\000l\000\040\000s\000e\000t\000u\000p}{section.11}% 4
\BOOKMARK [2][-]{subsection.15}{\376\377\000T\000r\000a\000n\000s\000v\000e\000r\000s\000e\000\040\000c\000o\000o\000l\000i\000n\000g}{section.11}% 5
\BOOKMARK [3][-]{subsubsection.16}{\376\377\000O\000p\000e\000r\000a\000t\000i\000n\000g\000\040\000p\000r\000i\000n\000c\000i\000p\000l\000e\000\040\000a\000n\000d\000\040\000r\000a\000d\000i\000a\000t\000i\000o\000n\000\040\000p\000r\000e\000s\000s\000u\000r\000e}{subsection.15}% 6
\BOOKMARK [3][-]{subsubsection.18}{\376\377\000E\000x\000p\000e\000r\000i\000m\000e\000n\000t\000a\000l\000\040\000s\000e\000t\000u\000p\000\040\000a\000n\000d\000\040\000l\000a\000s\000e\000r\000\040\000c\000o\000n\000f\000i\000g\000u\000r\000a\000t\000i\000o\000n}{subsection.15}% 7
\BOOKMARK [3][-]{subsubsection.20}{\376\377\000D\000e\000t\000u\000n\000i\000n\000g\000\040\000a\000n\000d\000\040\000p\000o\000w\000e\000r\000\040\000o\000p\000t\000i\000m\000i\000z\000a\000t\000i\000o\000n}{subsection.15}% 8
\BOOKMARK [2][-]{subsection.22}{\376\377\000Z\000e\000e\000m\000a\000n\000\040\000c\000o\000o\000l\000i\000n\000g}{section.11}% 9
\BOOKMARK [2][-]{subsection.25}{\376\377\000B\000l\000u\000e\000\040\000M\000O\000T}{section.11}% 10
\BOOKMARK [2][-]{subsection.30}{\376\377\000R\000e\000p\000u\000m\000p\000e\000r}{section.11}% 11
\BOOKMARK [3][-]{subsubsection.31}{\376\377\000H\000y\000p\000e\000r\000f\000i\000n\000e\000\040\000s\000t\000r\000u\000c\000t\000u\000r\000e\000\040\000o\000f\000\040\000S\000t\000r\000o\000n\000t\000i\000u\000m\000-\0008\0007}{subsection.30}% 12
\BOOKMARK [3][-]{subsubsection.33}{\376\377\000O\000p\000t\000i\000m\000i\000z\000a\000t\000i\000o\000n\000\040\000o\000f\000\040\000t\000h\000e\000\040\000r\000e\000p\000u\000m\000p\000e\000r\000\040\000s\000w\000e\000e\000p}{subsection.30}% 13
\BOOKMARK [2][-]{subsection.35}{\376\377\000L\000a\000s\000e\000r\000\040\000c\000o\000o\000l\000i\000n\000g\000\040\000o\000n\000\040\000t\000h\000e\000\040\000i\000n\000t\000e\000r\000c\000o\000m\000b\000i\000n\000a\000t\000i\000o\000n\000\040\000l\000i\000n\000e\000\040\000:\000\040\000t\000h\000e\000\040\000`\000`\000r\000e\000d\000\040\000M\000O\000T\000'\000'}{section.11}% 14
\BOOKMARK [3][-]{subsubsection.36}{\376\377\000O\000p\000t\000i\000c\000a\000l\000\040\000s\000e\000t\000u\000p}{subsection.35}% 15
\BOOKMARK [3][-]{subsubsection.39}{\376\377\000S\000w\000a\000p\000\040\000c\000o\000o\000l\000i\000n\000g\000,\000\040\000b\000r\000o\000a\000d\000b\000a\000n\000d\000\040\000M\000O\000T\000\040\000t\000o\000\040\000n\000a\000r\000r\000o\000w\000b\000a\000n\000d}{subsection.35}% 16
\BOOKMARK [3][-]{subsubsection.42}{\376\377\000S\000t\000i\000r\000r\000i\000n\000g\000\040\000l\000a\000s\000e\000r}{subsection.35}% 17
\BOOKMARK [3][-]{subsubsection.45}{\376\377\000N\000a\000r\000r\000o\000w\000b\000a\000n\000d\000\040\000M\000O\000T\000\040\000\050\000S\000i\000n\000g\000l\000e\000-\000f\000r\000e\000q\000u\000e\000n\000c\000y\000\040\000M\000O\000T\000\051}{subsection.35}% 18
\BOOKMARK [3][-]{subsubsection.46}{\376\377\000O\000p\000t\000i\000m\000i\000z\000a\000t\000i\000o\000n\000\040\000o\000f\000\040\000n\000a\000r\000r\000o\000w\000b\000a\000n\000d\000\040\000M\000O\000T\000\040\000P\000a\000r\000a\000m\000e\000t\000e\000r\000s}{subsection.35}% 19
\BOOKMARK [2][-]{subsection.47}{\376\377\000O\000p\000t\000i\000c\000a\000l\000\040\000D\000i\000p\000o\000l\000e\000\040\000T\000r\000a\000p\000\040\000\050\000O\000D\000T\000\051\000\040\000a\000n\000d\000\040\000e\000v\000a\000p\000o\000r\000a\000t\000i\000v\000e\000\040\000c\000o\000o\000l\000i\000n\000g}{section.11}% 20
\BOOKMARK [3][-]{subsubsection.48}{\376\377\000L\000o\000a\000d\000i\000n\000g\000\040\000t\000h\000e\000\040\000c\000r\000o\000s\000s\000e\000d\000\040\000O\000D\000T}{subsection.47}% 21
\BOOKMARK [3][-]{subsubsection.52}{\376\377\000O\000p\000t\000i\000m\000i\000z\000a\000t\000i\000o\000n\000\040\000o\000f\000\040\000t\000h\000e\000\040\000e\000v\000a\000p\000o\000r\000a\000t\000i\000o\000n\000\040\000r\000a\000m\000p\000s}{subsection.47}% 22
\BOOKMARK [3][-]{subsubsection.53}{\376\377\000O\000p\000t\000i\000c\000a\000l\000\040\000s\000e\000t\000u\000p}{subsection.47}% 23
\BOOKMARK [1][-]{section.55}{\376\377\000S\000p\000i\000n\000\040\000S\000e\000l\000e\000c\000t\000i\000o\000n}{chapter.7}% 24
\BOOKMARK [2][-]{subsection.56}{\376\377\000O\000p\000t\000i\000c\000a\000l\000\040\000P\000u\000m\000p\000i\000n\000g}{section.55}% 25
\BOOKMARK [1][-]{section.59}{\376\377\000L\000a\000s\000e\000r\000s\000\040\000f\000o\000r\000\040\000s\000p\000i\000n\000\040\000M\000a\000n\000i\000p\000u\000l\000a\000t\000i\000o\000n}{chapter.7}% 26
\BOOKMARK [2][-]{subsection.60}{\376\377\000E\000x\000t\000e\000r\000n\000a\000l\000\040\000C\000a\000v\000i\000t\000y\000\040\000D\000i\000o\000d\000e\000\040\000L\000a\000s\000e\000r\000\040\000\050\000E\000C\000D\000L\000\051}{section.59}% 27
\BOOKMARK [3][-]{subsubsection.61}{\376\377\000L\000a\000s\000e\000r\000\040\000a\000r\000c\000h\000i\000t\000e\000c\000t\000u\000r\000e}{subsection.60}% 28
\BOOKMARK [3][-]{subsubsection.63}{\376\377\000P\000r\000o\000b\000l\000e\000m\000s\000\040\000e\000n\000c\000o\000u\000n\000t\000e\000r\000e\000d\000\040\000o\000n\000\040\000t\000h\000e\000\040\000M\000O\000G\000l\000a\000b\000s\000\040\000E\000C\000D\000L}{subsection.60}% 29
\BOOKMARK [2][-]{subsection.64}{\376\377\000O\000p\000t\000i\000c\000a\000l\000\040\000b\000e\000n\000c\000h\000\040\000f\000o\000r\000\040\000c\000o\000h\000e\000r\000e\000n\000t\000\040\000R\000a\000m\000a\000n\000\040\000m\000a\000n\000i\000p\000u\000l\000a\000t\000i\000o\000n\000s}{section.59}% 30
\BOOKMARK [3][-]{subsubsection.65}{\376\377\000P\000h\000y\000s\000i\000c\000a\000l\000\040\000C\000o\000n\000c\000e\000p\000t}{subsection.64}% 31
\BOOKMARK [3][-]{subsubsection.69}{\376\377\000E\000x\000p\000e\000r\000i\000m\000e\000n\000t\000a\000l\000\040\000s\000e\000t\000u\000p\000\040\000o\000f\000\040\000t\000h\000e\000\040\000R\000a\000m\000a\000n\000\040\000a\000n\000d\000\040\000P\000A\000\040\000p\000r\000o\000c\000e\000s\000s}{subsection.64}% 32
\BOOKMARK [2][-]{subsection.71}{\376\377\000F\000a\000b\000r\000y\000-\000P\000\351\000r\000o\000t\000\040\000c\000a\000v\000i\000t\000y\000\040\000a\000n\000d\000\040\000P\000D\000H\000\040\000L\000o\000c\000k\000i\000n\000g\000\040\000s\000y\000s\000t\000e\000m}{section.59}% 33
\BOOKMARK [3][-]{subsubsection.72}{\376\377\000C\000a\000v\000i\000t\000y\000\040\000d\000e\000s\000i\000g\000n\000\040\000a\000n\000d\000\040\000a\000s\000s\000e\000m\000b\000l\000y}{subsection.71}% 34
\BOOKMARK [3][-]{subsubsection.77}{\376\377\000P\000o\000u\000n\000d\000-\000D\000r\000e\000v\000e\000r\000-\000H\000a\000l\000l\000\040\000l\000o\000c\000k\000i\000n\000g\000\040\000s\000y\000s\000t\000e\000m\000\040\000a\000n\000d\000\040\000P\000I\000D\000\040\000c\000o\000n\000t\000r\000o\000l\000l\000e\000r\000\040\000a\000n\000a\000l\000y\000s\000i\000s}{subsection.71}% 35
\BOOKMARK [1][-]{section.83}{\376\377\000S\000p\000i\000n\000\040\000M\000e\000a\000s\000u\000r\000e\000m\000e\000n\000t\000\040\000S\000c\000h\000e\000m\000e}{chapter.7}% 36
\BOOKMARK [0][-]{chapter.89}{\376\377\000Q\000u\000a\000n\000t\000u\000m\000\040\000s\000t\000a\000t\000e\000\040\000m\000e\000a\000s\000u\000r\000e\000m\000e\000n\000t\000\040\000a\000n\000d\000\040\000c\000h\000a\000r\000a\000c\000t\000e\000r\000i\000z\000a\000t\000i\000o\000n\000\040\000i\000n\000\040\000q\000u\000d\000i\000t\000\040\000s\000y\000s\000t\000e\000m\000s\000\040}{}% 37
\BOOKMARK [1][-]{section.90}{\376\377\000A\000r\000t\000i\000c\000l\000e\000\040\000`\000C\000o\000h\000e\000r\000e\000n\000t\000\040\000c\000o\000n\000t\000r\000o\000l\000\040\000o\000v\000e\000r\000\040\000t\000h\000e\000\040\000h\000i\000g\000h\000-\000d\000i\000m\000e\000n\000s\000i\000o\000n\000a\000l\000\040\000s\000p\000a\000c\000e\000\040\000o\000f\000\040\000t\000h\000e\000\040\000n\000u\000c\000l\000e\000a\000r\000\040\000s\000p\000i\000n\000\040\000o\000f\000\040\000a\000l\000k\000a\000l\000i\000n\000e\000-\000e\000a\000r\000t\000h\000\040\000a\000t\000o\000m\000s\000'\000\040\000a\000h\000m\000e\000d\000c\000o\000h\000e\000r\000e\000n\000t\0002\0000\0002\0005}{chapter.89}% 38
\BOOKMARK [2][-]{subsection.91}{\376\377\000G\000a\000s\000\040\000p\000r\000e\000p\000a\000r\000a\000t\000i\000o\000n\000\040\000a\000n\000d\000\040\000s\000p\000i\000n\000\040\000c\000o\000n\000t\000r\000o\000l}{section.90}% 39
\BOOKMARK [2][-]{subsection.93}{\376\377\000I\000m\000p\000l\000e\000m\000e\000n\000t\000a\000t\000i\000o\000n\000\040\000o\000f\000\040\000s\000u\000\050\000N\000\051\000\040\000g\000e\000n\000e\000r\000a\000t\000o\000r\000s\000.}{section.90}% 40
\BOOKMARK [2][-]{subsection.94}{\376\377\000E\000x\000p\000e\000r\000i\000m\000e\000n\000t\000a\000l\000\040\000s\000e\000t\000t\000i\000n\000g}{section.90}% 41
\BOOKMARK [2][-]{subsection.96}{\376\377\000C\000o\000h\000e\000r\000e\000n\000t\000\040\000m\000a\000n\000i\000p\000u\000l\000a\000t\000i\000o\000n\000\040\000o\000f\000\040\000a\000\040\000n\000u\000c\000l\000e\000a\000r\000-\000s\000p\000i\000n\000\040\000q\000u\000b\000i\000t}{section.90}% 42
\BOOKMARK [2][-]{subsection.100}{\376\377\000B\000e\000y\000o\000n\000d\000\040\000p\000s\000e\000u\000d\000o\000-\000s\000p\000i\000n\000\040\0001\000/\0002\000\040\000s\000c\000h\000e\000m\000e\000s\000:\000\040\000q\000u\000d\000i\000t\000\040\000i\000n\000t\000e\000r\000f\000e\000r\000o\000m\000e\000t\000r\000y}{section.90}% 43
\BOOKMARK [3][-]{subsubsection.101}{\376\377\000P\000a\000r\000a\000l\000l\000e\000l\000\040\000R\000a\000m\000s\000e\000y\000\040\000i\000n\000t\000e\000r\000f\000e\000r\000o\000m\000e\000t\000e\000r\000s\000\040\000f\000o\000r\000\040\000s\000i\000m\000u\000l\000t\000a\000n\000e\000o\000u\000s\000\040\000m\000u\000l\000t\000i\000p\000l\000e\000-\000f\000i\000e\000l\000d\000\040\000s\000e\000n\000s\000i\000n\000g\000.}{subsection.100}% 44
\BOOKMARK [3][-]{subsubsection.106}{\376\377\000S\000i\000m\000u\000l\000t\000a\000n\000e\000o\000u\000s\000\040\000m\000e\000a\000s\000u\000r\000e\000m\000e\000n\000t\000s\000\040\000o\000f\000\040\000m\000u\000l\000t\000i\000p\000l\000e\000\040\000c\000o\000l\000l\000e\000c\000t\000i\000v\000e\000\040\000a\000t\000o\000m\000i\000c\000\040\000o\000b\000s\000e\000r\000v\000a\000b\000l\000e\000s\000.}{subsection.100}% 45
\BOOKMARK [2][-]{subsection.112}{\376\377\000C\000o\000n\000c\000l\000u\000s\000i\000o\000n}{section.90}% 46
\BOOKMARK [1][-]{section.113}{\376\377\000O\000u\000t\000l\000o\000o\000k\000\040\000t\000o\000\040\000p\000o\000s\000i\000t\000i\000v\000e\000-\000o\000p\000e\000r\000a\000t\000o\000r\000-\000v\000a\000l\000u\000e\000d\000\040\000m\000e\000a\000s\000u\000r\000e\000s\000\040\000\050\000P\000O\000V\000M\000s\000\051}{chapter.89}% 47
\BOOKMARK [2][-]{subsection.122}{\376\377\000D\000e\000r\000i\000v\000a\000t\000i\000o\000n\000\040\000o\000f\000\040\000t\000h\000e\000\040\000e\000x\000p\000e\000r\000i\000m\000e\000n\000t\000a\000l\000\040\000P\000O\000V\000M\000\040\000f\000r\000a\000m\000e\000w\000o\000r\000k}{section.113}% 48
\BOOKMARK [3][-]{subsubsection.123}{\376\377\000F\000o\000u\000r\000-\000l\000e\000v\000e\000l\000\040\000e\000x\000t\000e\000n\000d\000e\000d\000\040\000s\000p\000a\000c\000e\000\040\000d\000y\000n\000a\000m\000i\000c\000s}{subsection.122}% 49
\BOOKMARK [3][-]{subsubsection.131}{\376\377\000R\000e\000d\000u\000c\000t\000i\000o\000n\000\040\000t\000o\000\040\000t\000h\000e\000\040\000t\000a\000r\000g\000e\000t\000\040\000q\000u\000b\000i\000t\000\040\000s\000u\000b\000s\000p\000a\000c\000e}{subsection.122}% 50
\BOOKMARK [0][-]{chapter.137}{\376\377\000P\000h\000o\000t\000o\000a\000s\000s\000o\000c\000i\000a\000t\000i\000o\000n\000\040\000:\000\040\000c\000o\000n\000c\000e\000p\000t\000\040\000a\000n\000d\000\040\000s\000p\000e\000c\000t\000r\000o\000s\000c\000o\000p\000y\000\040\000o\000f\000\040\0008\0007\000S\000r\000\040\000c\000a\000l\000i\000b\000r\000a\000t\000e\000d\000\040\000o\000n\000\040\0008\0008\000S\000r}{}% 51
\BOOKMARK [1][-]{section.138}{\376\377\000I\000n\000t\000r\000o\000d\000u\000c\000t\000i\000o\000n\000\040\000t\000o\000\040\000p\000h\000o\000t\000o\000a\000s\000s\000o\000c\000i\000a\000t\000i\000o\000n}{chapter.137}% 52
\BOOKMARK [2][-]{subsection.139}{\376\377\000S\000c\000a\000t\000t\000e\000r\000i\000n\000g\000\040\000t\000h\000e\000o\000r\000y}{section.138}% 53
\BOOKMARK [2][-]{subsection.157}{\376\377\000P\000A\000\040\000a\000n\000d\000\040\000c\000o\000m\000p\000l\000e\000x\000\040\000s\000c\000a\000t\000t\000e\000r\000i\000n\000g\000\040\000l\000e\000n\000g\000t\000h}{section.138}% 54
\BOOKMARK [2][-]{subsection.183}{\376\377\000G\000e\000n\000e\000r\000a\000l\000\040\000s\000c\000a\000l\000i\000n\000g\000\040\000l\000a\000w\000s\000\040\000f\000o\000r\000\040\000P\000A}{section.138}% 55
\BOOKMARK [2][-]{subsection.201}{\376\377\000H\000a\000n\000d\000l\000i\000n\000g\000\040\000m\000u\000l\000t\000i\000p\000l\000e\000\040\000m\000o\000l\000e\000c\000u\000l\000a\000r\000\040\000p\000o\000t\000e\000n\000t\000i\000a\000l\000s}{section.138}% 56
\BOOKMARK [3][-]{subsubsection.202}{\376\377\000A\000n\000g\000u\000l\000a\000r\000\040\000m\000o\000m\000e\000n\000t\000u\000m\000\040\000c\000o\000u\000p\000l\000i\000n\000g\000\040\000a\000n\000d\000\040\000s\000t\000a\000t\000e\000\040\000e\000n\000u\000m\000e\000r\000a\000t\000i\000o\000n}{subsection.201}% 57
\BOOKMARK [3][-]{subsubsection.205}{\376\377\000E\000f\000f\000e\000c\000t\000i\000v\000e\000\040\000h\000a\000m\000i\000l\000t\000o\000n\000i\000a\000n\000\040\000a\000n\000d\000\040\000p\000o\000t\000e\000n\000t\000i\000a\000l\000\040\000m\000o\000d\000e\000l\000i\000n\000g}{subsection.201}% 58
\BOOKMARK [2][-]{subsection.210}{\376\377\000I\000n\000t\000e\000r\000n\000a\000l\000\040\000e\000n\000e\000r\000g\000y\000\040\000s\000t\000a\000t\000e\000s}{section.138}% 59
\BOOKMARK [3][-]{subsubsection.211}{\376\377\000W\000K\000B\000\040\000a\000p\000p\000r\000o\000x\000i\000m\000a\000t\000i\000o\000n}{subsection.210}% 60
\BOOKMARK [3][-]{subsubsection.217}{\376\377\000L\000e\000r\000o\000y\000-\000B\000e\000r\000n\000s\000t\000e\000i\000n\000\040\000s\000c\000a\000l\000i\000n\000g}{subsection.210}% 61
\BOOKMARK [3][-]{subsubsection.223}{\376\377\000M\000a\000s\000s\000\040\000s\000c\000a\000l\000i\000n\000g\000\040\000a\000n\000d\000\040\000i\000s\000o\000t\000o\000p\000i\000c\000\040\000s\000h\000i\000f\000t\000s}{subsection.210}% 62
\BOOKMARK [1][-]{section.227}{\376\377\000S\000p\000e\000c\000t\000r\000o\000s\000c\000o\000p\000y\000\040\000p\000r\000o\000t\000o\000c\000o\000l\000\040\000a\000n\000d\000\040\000c\000a\000l\000i\000b\000r\000a\000t\000i\000o\000n\000\040\000o\000f\000\040\000t\000h\000e\000\040\000p\000h\000o\000t\000o\000a\000s\000s\000o\000c\000i\000a\000t\000i\000o\000n\000\040\000l\000a\000s\000e\000r}{chapter.137}% 63
\BOOKMARK [2][-]{subsection.228}{\376\377\000G\000a\000s\000\040\000p\000r\000e\000p\000a\000r\000a\000t\000i\000o\000n\000\040\000a\000n\000d\000\040\000i\000s\000o\000t\000o\000p\000e\000\040\000s\000p\000e\000c\000i\000f\000i\000c\000i\000t\000i\000e\000s}{section.227}% 64
\BOOKMARK [2][-]{subsection.229}{\376\377\000P\000h\000o\000t\000o\000a\000s\000s\000o\000c\000i\000a\000t\000i\000o\000n\000\040\000l\000a\000s\000e\000r\000s\000\040\000a\000n\000d\000\040\000t\000h\000e\000i\000r\000\040\000s\000p\000e\000c\000t\000r\000a\000l\000\040\000c\000h\000a\000r\000a\000c\000t\000e\000r\000i\000s\000t\000i\000c\000s}{section.227}% 65
\BOOKMARK [3][-]{subsubsection.230}{\376\377\000E\000C\000D\000L\000\040\000l\000o\000c\000k\000i\000n\000g\000\040\000a\000n\000d\000\040\000f\000r\000e\000q\000u\000e\000n\000c\000y\000\040\000r\000e\000f\000e\000r\000e\000n\000c\000i\000n\000g}{subsection.229}% 66
\BOOKMARK [3][-]{subsubsection.234}{\376\377\000S\000p\000e\000c\000t\000r\000a\000l\000\040\000i\000m\000p\000e\000r\000f\000e\000c\000t\000i\000o\000n\000s\000\040\000f\000r\000o\000m\000\040\000t\000h\000e\000\040\000l\000o\000c\000k\000i\000n\000g\000\040\000s\000c\000h\000e\000m\000e}{subsection.229}% 67
\BOOKMARK [3][-]{subsubsection.236}{\376\377\000S\000p\000e\000c\000t\000r\000a\000l\000\040\000i\000m\000p\000e\000r\000f\000e\000c\000t\000i\000o\000n\000s\000\040\000f\000r\000o\000m\000\040\000t\000h\000e\000\040\000f\000i\000l\000t\000e\000r\000\040\000c\000a\000v\000i\000t\000y\000\040\000s\000y\000s\000t\000e\000m}{subsection.229}% 68
\BOOKMARK [2][-]{subsection.243}{\376\377\000A\000t\000o\000m\000i\000c\000\040\000a\000n\000d\000\040\000m\000o\000l\000e\000c\000u\000l\000a\000r\000\040\000l\000i\000n\000e\000s\000\040\000c\000a\000l\000i\000b\000r\000a\000t\000i\000o\000n}{section.227}% 69
\BOOKMARK [3][-]{subsubsection.244}{\376\377\000G\000e\000n\000e\000r\000a\000l\000\040\000e\000x\000p\000e\000r\000i\000m\000e\000n\000t\000a\000l\000\040\000f\000r\000a\000m\000e\000w\000o\000r\000k\000\040\000a\000n\000d\000\040\000b\000a\000s\000e\000l\000i\000n\000e\000\040\000p\000a\000r\000a\000m\000e\000t\000e\000r\000s}{subsection.243}% 70
\BOOKMARK [3][-]{subsubsection.246}{\376\377\000F\000i\000t\000t\000i\000n\000g\000\040\000m\000o\000d\000e\000l\000\040\000f\000o\000r\000\040\000m\000o\000l\000e\000c\000u\000l\000a\000r\000\040\000r\000e\000s\000o\000n\000a\000n\000c\000e\000s}{subsection.243}% 71
\BOOKMARK [3][-]{subsubsection.251}{\376\377\000D\000e\000t\000e\000r\000m\000i\000n\000i\000n\000g\000\040\000t\000h\000e\000\040\000o\000p\000t\000i\000c\000a\000l\000\040\000s\000c\000a\000t\000t\000e\000r\000i\000n\000g\000\040\000l\000e\000n\000g\000t\000h\000\040\000l\000o\000p\000t}{subsection.243}% 72
\BOOKMARK [3][-]{subsubsection.259}{\376\377\000E\000s\000t\000i\000m\000a\000t\000i\000o\000n\000\040\000o\000f\000\040\000t\000h\000e\000\040\000u\000n\000c\000e\000r\000t\000a\000i\000n\000t\000i\000e\000s}{subsection.243}% 73
\BOOKMARK [2][-]{subsection.265}{\376\377\000E\000x\000p\000e\000r\000i\000m\000e\000n\000t\000a\000l\000\040\000r\000e\000s\000u\000l\000t\000s\000\040\000o\000n\000\040\0008\0008\000S\000r}{section.227}% 74
\BOOKMARK [3][-]{subsubsection.268}{\376\377\000P\000A\000\040\000e\000x\000p\000e\000r\000i\000m\000e\000n\000t\000s\000\040\000w\000i\000t\000h\000\040\000a\000n\000\040\000a\000l\000t\000e\000r\000n\000a\000t\000i\000v\000e\000\040\000l\000a\000s\000e\000r\000\040\000s\000o\000u\000r\000c\000e}{subsection.265}% 75
\BOOKMARK [3][-]{subsubsection.271}{\376\377\000N\000o\000i\000s\000e\000\040\000o\000f\000\040\000t\000h\000e\000\040\000d\000i\000o\000d\000e}{subsection.265}% 76
\BOOKMARK [3][-]{subsubsection.274}{\376\377\000D\000e\000c\000a\000y\000\040\000d\000y\000n\000a\000m\000i\000c\000s\000\040\000\050\000d\000N\000/\000d\000t\000\051}{subsection.265}% 77
\BOOKMARK [1][-]{section.292}{\376\377\0008\0007\000S\000r\000\040\000i\000n\000e\000l\000a\000s\000t\000i\000c\000\040\000c\000o\000l\000l\000i\000s\000i\000o\000n\000s}{chapter.137}% 78
\BOOKMARK [2][-]{subsection.294}{\376\377\000E\000s\000t\000a\000b\000l\000i\000s\000h\000m\000e\000n\000t\000\040\000o\000f\000\040\000t\000h\000e\000\040\000m\000o\000l\000e\000c\000u\000l\000a\000r\000\040\000l\000i\000n\000e\000s\000\040\000r\000e\000s\000e\000a\000r\000c\000h\000\040\000p\000r\000o\000t\000o\000c\000o\000l\000\040\000f\000r\000o\000m\000\040\000e\000x\000p\000e\000r\000i\000m\000e\000n\000t\000a\000l\000\040\000m\000i\000s\000t\000a\000k\000e\000s}{section.292}% 79
\BOOKMARK [3][-]{subsubsection.295}{\376\377\000d\000N\000/\000d\000t\000\040\000d\000e\000c\000a\000y\000\040\000i\000n\000t\000e\000r\000p\000r\000e\000t\000a\000t\000i\000o\000n}{subsection.294}% 80
\BOOKMARK [3][-]{subsubsection.297}{\376\377\000T\000e\000m\000p\000e\000r\000a\000t\000u\000r\000e\000\040\000a\000n\000a\000l\000y\000s\000i\000s}{subsection.294}% 81
\BOOKMARK [2][-]{subsection.303}{\376\377\000M\000o\000